Component: ARM Compiler 5.06 update 7 (build 960) Tool: armlink [4d3601]

==============================================================================

Section Cross References

    startup_stm32l432xx.o(RESET) refers to startup_stm32l432xx.o(STACK) for __initial_sp
    startup_stm32l432xx.o(RESET) refers to startup_stm32l432xx.o(.text) for Reset_Handler
    startup_stm32l432xx.o(RESET) refers to stm32l4xx_it.o(i.NMI_Handler) for NMI_Handler
    startup_stm32l432xx.o(RESET) refers to stm32l4xx_it.o(i.HardFault_Handler) for HardFault_Handler
    startup_stm32l432xx.o(RESET) refers to stm32l4xx_it.o(i.MemManage_Handler) for MemManage_Handler
    startup_stm32l432xx.o(RESET) refers to stm32l4xx_it.o(i.BusFault_Handler) for BusFault_Handler
    startup_stm32l432xx.o(RESET) refers to stm32l4xx_it.o(i.UsageFault_Handler) for UsageFault_Handler
    startup_stm32l432xx.o(RESET) refers to stm32l4xx_it.o(i.SVC_Handler) for SVC_Handler
    startup_stm32l432xx.o(RESET) refers to stm32l4xx_it.o(i.DebugMon_Handler) for DebugMon_Handler
    startup_stm32l432xx.o(RESET) refers to stm32l4xx_it.o(i.PendSV_Handler) for PendSV_Handler
    startup_stm32l432xx.o(RESET) refers to stm32l4xx_it.o(i.SysTick_Handler) for SysTick_Handler
    startup_stm32l432xx.o(RESET) refers to stm32l4xx_it.o(i.TIM2_IRQHandler) for TIM2_IRQHandler
    startup_stm32l432xx.o(.text) refers to system_stm32l4xx_1.o(i.SystemInit) for SystemInit
    startup_stm32l432xx.o(.text) refers to entry.o(.ARM.Collect$$$$00000000) for __main
    main.o(i.MX_GPIO_Init) refers to memseta.o(.text) for __aeabi_memclr4
    main.o(i.MX_GPIO_Init) refers to stm32l4xx_hal_gpio.o(i.HAL_GPIO_Init) for HAL_GPIO_Init
    main.o(i.MX_I2C1_Init) refers to stm32l4xx_hal_i2c.o(i.HAL_I2C_Init) for HAL_I2C_Init
    main.o(i.MX_I2C1_Init) refers to stm32l4xx_hal_i2c_ex.o(i.HAL_I2CEx_ConfigAnalogFilter) for HAL_I2CEx_ConfigAnalogFilter
    main.o(i.MX_I2C1_Init) refers to stm32l4xx_hal_i2c_ex.o(i.HAL_I2CEx_ConfigDigitalFilter) for HAL_I2CEx_ConfigDigitalFilter
    main.o(i.MX_I2C1_Init) refers to main.o(.bss) for .bss
    main.o(i.MX_TIM2_Init) refers to memseta.o(.text) for __aeabi_memclr4
    main.o(i.MX_TIM2_Init) refers to stm32l4xx_hal_tim.o(i.HAL_TIM_PWM_Init) for HAL_TIM_PWM_Init
    main.o(i.MX_TIM2_Init) refers to stm32l4xx_hal_tim_ex.o(i.HAL_TIMEx_MasterConfigSynchronization) for HAL_TIMEx_MasterConfigSynchronization
    main.o(i.MX_TIM2_Init) refers to stm32l4xx_hal_tim.o(i.HAL_TIM_PWM_ConfigChannel) for HAL_TIM_PWM_ConfigChannel
    main.o(i.MX_TIM2_Init) refers to stm32l4xx_hal_msp.o(i.HAL_TIM_MspPostInit) for HAL_TIM_MspPostInit
    main.o(i.MX_TIM2_Init) refers to main.o(.bss) for .bss
    main.o(i.MX_USART1_UART_Init) refers to stm32l4xx_hal_uart.o(i.HAL_UART_Init) for HAL_UART_Init
    main.o(i.MX_USART1_UART_Init) refers to main.o(.bss) for .bss
    main.o(i.MX_USART2_UART_Init) refers to stm32l4xx_hal_uart.o(i.HAL_UART_Init) for HAL_UART_Init
    main.o(i.MX_USART2_UART_Init) refers to main.o(.bss) for .bss
    main.o(i.SystemClock_Config) refers to memseta.o(.text) for __aeabi_memclr4
    main.o(i.SystemClock_Config) refers to stm32l4xx_hal_rcc.o(i.HAL_RCC_OscConfig) for HAL_RCC_OscConfig
    main.o(i.SystemClock_Config) refers to stm32l4xx_hal_rcc.o(i.HAL_RCC_ClockConfig) for HAL_RCC_ClockConfig
    main.o(i.SystemClock_Config) refers to stm32l4xx_hal_rcc_ex.o(i.HAL_RCCEx_PeriphCLKConfig) for HAL_RCCEx_PeriphCLKConfig
    main.o(i.SystemClock_Config) refers to stm32l4xx_hal_pwr_ex.o(i.HAL_PWREx_ControlVoltageScaling) for HAL_PWREx_ControlVoltageScaling
    main.o(i.main) refers to stm32l4xx_hal.o(i.HAL_Init) for HAL_Init
    main.o(i.main) refers to main.o(i.SystemClock_Config) for SystemClock_Config
    main.o(i.main) refers to main.o(i.MX_GPIO_Init) for MX_GPIO_Init
    main.o(i.main) refers to main.o(i.MX_TIM2_Init) for MX_TIM2_Init
    main.o(i.main) refers to main.o(i.MX_USART2_UART_Init) for MX_USART2_UART_Init
    main.o(i.main) refers to main.o(i.MX_USART1_UART_Init) for MX_USART1_UART_Init
    main.o(i.main) refers to main.o(i.MX_I2C1_Init) for MX_I2C1_Init
    main.o(i.main) refers to i2c-lcd.o(i.lcd_init) for lcd_init
    main.o(i.main) refers to gui.o(i.UImain) for UImain
    main.o(i.main) refers to irremote.o(i.my_enableIRIn) for my_enableIRIn
    main.o(i.main) refers to stm32l4xx_hal_gpio.o(i.HAL_GPIO_ReadPin) for HAL_GPIO_ReadPin
    main.o(i.main) refers to printf5.o(i.__0snprintf$5) for __2snprintf
    main.o(i.main) refers to strlen.o(.text) for strlen
    main.o(i.main) refers to stm32l4xx_hal_uart.o(i.HAL_UART_Transmit) for HAL_UART_Transmit
    main.o(i.main) refers to ir_samsung.o(i.sendSAMSUNG) for sendSAMSUNG
    main.o(i.main) refers to stm32l4xx_hal.o(i.HAL_Delay) for HAL_Delay
    main.o(i.main) refers to irremote.o(i.my_decode) for my_decode
    main.o(i.main) refers to irremote.o(i.my_resume) for my_resume
    main.o(i.main) refers to gui.o(i.UIhealth) for UIhealth
    main.o(i.main) refers to gui.o(i.UIammo) for UIammo
[...]
    Removing stm32l4xx_hal_tim_ex.o(i.TIM_DMAErrorCCxN), (62 bytes).
    Removing stm32l4xx_hal_uart.o(.rev16_text), (4 bytes).
    Removing stm32l4xx_hal_uart.o(.revsh_text), (4 bytes).
    Removing stm32l4xx_hal_uart.o(.rrx_text), (6 bytes).
    Removing stm32l4xx_hal_uart.o(i.HAL_HalfDuplex_EnableReceiver), (56 bytes).
    Removing stm32l4xx_hal_uart.o(i.HAL_HalfDuplex_EnableTransmitter), (56 bytes).
    Removing stm32l4xx_hal_uart.o(i.HAL_HalfDuplex_Init), (112 bytes).
    Removing stm32l4xx_hal_uart.o(i.HAL_LIN_Init), (136 bytes).
    Removing stm32l4xx_hal_uart.o(i.HAL_LIN_SendBreak), (46 bytes).
    Removing stm32l4xx_hal_uart.o(i.HAL_MultiProcessor_DisableMuteMode), (40 bytes).
    Removing stm32l4xx_hal_uart.o(i.HAL_MultiProcessor_EnableMuteMode), (40 bytes).
    Removing stm32l4xx_hal_uart.o(i.HAL_MultiProcessor_EnterMuteMode), (12 bytes).
    Removing stm32l4xx_hal_uart.o(i.HAL_MultiProcessor_Init), (134 bytes).
    Removing stm32l4xx_hal_uart.o(i.HAL_UART_Abort), (154 bytes).
    Removing stm32l4xx_hal_uart.o(i.HAL_UART_AbortCpltCallback), (2 bytes).
    Removing stm32l4xx_hal_uart.o(i.HAL_UART_AbortReceive), (104 bytes).
    Removing stm32l4xx_hal_uart.o(i.HAL_UART_AbortReceiveCpltCallback), (2 bytes).
    Removing stm32l4xx_hal_uart.o(i.HAL_UART_AbortReceive_IT), (124 bytes).
    Removing stm32l4xx_hal_uart.o(i.HAL_UART_AbortTransmit), (78 bytes).
    Removing stm32l4xx_hal_uart.o(i.HAL_UART_AbortTransmitCpltCallback), (2 bytes).
    Removing stm32l4xx_hal_uart.o(i.HAL_UART_AbortTransmit_IT), (84 bytes).
    Removing stm32l4xx_hal_uart.o(i.HAL_UART_Abort_IT), (192 bytes).
    Removing stm32l4xx_hal_uart.o(i.HAL_UART_DMAPause), (96 bytes).
    Removing stm32l4xx_hal_uart.o(i.HAL_UART_DMAResume), (88 bytes).
    Removing stm32l4xx_hal_uart.o(i.HAL_UART_DMAStop), (114 bytes).
    Removing stm32l4xx_hal_uart.o(i.HAL_UART_DeInit), (58 bytes).
    Removing stm32l4xx_hal_uart.o(i.HAL_UART_DisableReceiverTimeout), (64 bytes).
    Removing stm32l4xx_hal_uart.o(i.HAL_UART_EnableReceiverTimeout), (64 bytes).
    Removing stm32l4xx_hal_uart.o(i.HAL_UART_ErrorCallback), (2 bytes).
    Removing stm32l4xx_hal_uart.o(i.HAL_UART_GetError), (4 bytes).
    Removing stm32l4xx_hal_uart.o(i.HAL_UART_GetState), (10 bytes).
    Removing stm32l4xx_hal_uart.o(i.HAL_UART_IRQHandler), (356 bytes).
    Removing stm32l4xx_hal_uart.o(i.HAL_UART_MspDeInit), (2 bytes).
    Removing stm32l4xx_hal_uart.o(i.HAL_UART_MspInit), (2 bytes).
    Removing stm32l4xx_hal_uart.o(i.HAL_UART_Receive), (244 bytes).
    Removing stm32l4xx_hal_uart.o(i.HAL_UART_Receive_DMA), (156 bytes).
    Removing stm32l4xx_hal_uart.o(i.HAL_UART_Receive_IT), (172 bytes).
    Removing stm32l4xx_hal_uart.o(i.HAL_UART_ReceiverTimeout_Config), (24 bytes).
    Removing stm32l4xx_hal_uart.o(i.HAL_UART_RxCpltCallback), (2 bytes).
    Removing stm32l4xx_hal_uart.o(i.HAL_UART_RxHalfCpltCallback), (2 bytes).
    Removing stm32l4xx_hal_uart.o(i.HAL_UART_Transmit_DMA), (144 bytes).
    Removing stm32l4xx_hal_uart.o(i.HAL_UART_Transmit_IT), (100 bytes).
    Removing stm32l4xx_hal_uart.o(i.HAL_UART_TxCpltCallback), (2 bytes).
    Removing stm32l4xx_hal_uart.o(i.HAL_UART_TxHalfCpltCallback), (2 bytes).
    Removing stm32l4xx_hal_uart.o(i.UART_DMAAbortOnError), (20 bytes).
    Removing stm32l4xx_hal_uart.o(i.UART_DMAError), (72 bytes).
    Removing stm32l4xx_hal_uart.o(i.UART_DMAReceiveCplt), (60 bytes).
    Removing stm32l4xx_hal_uart.o(i.UART_DMARxAbortCallback), (58 bytes).
    Removing stm32l4xx_hal_uart.o(i.UART_DMARxHalfCplt), (10 bytes).
    Removing stm32l4xx_hal_uart.o(i.UART_DMARxOnlyAbortCallback), (36 bytes).
    Removing stm32l4xx_hal_uart.o(i.UART_DMATransmitCplt), (48 bytes).
    Removing stm32l4xx_hal_uart.o(i.UART_DMATxAbortCallback), (48 bytes).
    Removing stm32l4xx_hal_uart.o(i.UART_DMATxHalfCplt), (10 bytes).
    Removing stm32l4xx_hal_uart.o(i.UART_DMATxOnlyAbortCallback), (20 bytes).
    Removing stm32l4xx_hal_uart.o(i.UART_EndRxTransfer), (30 bytes).
    Removing stm32l4xx_hal_uart.o(i.UART_EndTxTransfer), (16 bytes).
    Removing stm32l4xx_hal_uart.o(i.UART_RxISR_16BIT), (90 bytes).
    Removing stm32l4xx_hal_uart.o(i.UART_RxISR_8BIT), (90 bytes).
    Removing stm32l4xx_hal_uart.o(i.UART_TxISR_16BIT), (64 bytes).
    Removing stm32l4xx_hal_uart.o(i.UART_TxISR_8BIT), (60 bytes).
    Removing stm32l4xx_hal_uart_ex.o(.rev16_text), (4 bytes).
    Removing stm32l4xx_hal_uart_ex.o(.revsh_text), (4 bytes).
    Removing stm32l4xx_hal_uart_ex.o(.rrx_text), (6 bytes).
    Removing stm32l4xx_hal_uart_ex.o(i.HAL_MultiProcessorEx_AddressLength_Set), (46 bytes).
    Removing stm32l4xx_hal_uart_ex.o(i.HAL_RS485Ex_Init), (136 bytes).
    Removing stm32l4xx_hal_uart_ex.o(i.HAL_UARTEx_DisableClockStopMode), (38 bytes).
    Removing stm32l4xx_hal_uart_ex.o(i.HAL_UARTEx_DisableStopMode), (38 bytes).
    Removing stm32l4xx_hal_uart_ex.o(i.HAL_UARTEx_EnableClockStopMode), (38 bytes).
    Removing stm32l4xx_hal_uart_ex.o(i.HAL_UARTEx_EnableStopMode), (38 bytes).
    Removing stm32l4xx_hal_uart_ex.o(i.HAL_UARTEx_StopModeWakeUpSourceConfig), (134 bytes).
    Removing stm32l4xx_hal_uart_ex.o(i.HAL_UARTEx_WakeupCallback), (2 bytes).
    Removing system_stm32l4xx_1.o(.rev16_text), (4 bytes).
    Removing system_stm32l4xx_1.o(.revsh_text), (4 bytes).
    Removing system_stm32l4xx_1.o(.rrx_text), (6 bytes).
    Removing system_stm32l4xx_1.o(i.SystemCoreClockUpdate), (168 bytes).
    Removing dfixul.o(.text), (48 bytes).
    Removing cdrcmple.o(.text), (48 bytes).

552 unused section(s) (total 41307 bytes) removed from the image.

==============================================================================

Image Symbol Table

    Local Symbols

    Symbol Name                              Value     Ov Type        Size  Object(Section)

    ../Core/Src/main.c                       0x00000000   Number         0  main.o ABSOLUTE
    ../Core/Src/stm32l4xx_hal_msp.c          0x00000000   Number         0  stm32l4xx_hal_msp.o ABSOLUTE
    ../Core/Src/stm32l4xx_it.c               0x00000000   Number         0  stm32l4xx_it.o ABSOLUTE
    ../Core/Src/system_stm32l4xx.c           0x00000000   Number         0  system_stm32l4xx_1.o ABSOLUTE
    ../Drivers/STM32L4xx_HAL_Driver/Src/stm32l4xx_hal.c 0x00000000   Number         0  stm32l4xx_hal.o ABSOLUTE
    ../Drivers/STM32L4xx_HAL_Driver/Src/stm32l4xx_hal_cortex.c 0x00000000   Number         0  stm32l4xx_hal_cortex.o ABSOLUTE
    ../Drivers/STM32L4xx_HAL_Driver/Src/stm32l4xx_hal_dma.c 0x00000000   Number         0  stm32l4xx_hal_dma.o ABSOLUTE
    ../Drivers/STM32L4xx_HAL_Driver/Src/stm32l4xx_hal_dma_ex.c 0x00000000   Number         0  stm32l4xx_hal_dma_ex.o ABSOLUTE
    ../Drivers/STM32L4xx_HAL_Driver/Src/stm32l4xx_hal_exti.c 0x00000000   Number         0  stm32l4xx_hal_exti.o ABSOLUTE
    ../Drivers/STM32L4xx_HAL_Driver/Src/stm32l4xx_hal_flash.c 0x00000000   Number         0  stm32l4xx_hal_flash.o ABSOLUTE
    ../Drivers/STM32L4xx_HAL_Driver/Src/stm32l4xx_hal_flash_ex.c 0x00000000   Number         0  stm32l4xx_hal_flash_ex.o ABSOLUTE
    ../Drivers/STM32L4xx_HAL_Driver/Src/stm32l4xx_hal_flash_ramfunc.c 0x00000000   Number         0  stm32l4xx_hal_flash_ramfunc.o ABSOLUTE
    ../Drivers/STM32L4xx_HAL_Driver/Src/stm32l4xx_hal_gpio.c 0x00000000   Number         0  stm32l4xx_hal_gpio.o ABSOLUTE
    ../Drivers/STM32L4xx_HAL_Driver/Src/stm32l4xx_hal_i2c.c 0x00000000   Number         0  stm32l4xx_hal_i2c.o ABSOLUTE
    ../Drivers/STM32L4xx_HAL_Driver/Src/stm32l4xx_hal_i2c_ex.c 0x00000000   Number         0  stm32l4xx_hal_i2c_ex.o ABSOLUTE
    ../Drivers/STM32L4xx_HAL_Driver/Src/stm32l4xx_hal_pwr.c 0x00000000   Number         0  stm32l4xx_hal_pwr.o ABSOLUTE
    ../Drivers/STM32L4xx_HAL_Driver/Src/stm32l4xx_hal_pwr_ex.c 0x00000000   Number         0  stm32l4xx_hal_pwr_ex.o ABSOLUTE
    ../Drivers/STM32L4xx_HAL_Driver/Src/stm32l4xx_hal_rcc.c 0x00000000   Number         0  stm32l4xx_hal_rcc.o ABSOLUTE
    ../Drivers/STM32L4xx_HAL_Driver/Src/stm32l4xx_hal_rcc_ex.c 0x00000000   Number         0  stm32l4xx_hal_rcc_ex.o ABSOLUTE
    ../Drivers/STM32L4xx_HAL_Driver/Src/stm32l4xx_hal_tim.c 0x00000000   Number         0  stm32l4xx_hal_tim.o ABSOLUTE
    ../Drivers/STM32L4xx_HAL_Driver/Src/stm32l4xx_hal_tim_ex.c 0x00000000   Number         0  stm32l4xx_hal_tim_ex.o ABSOLUTE
    ../Drivers/STM32L4xx_HAL_Driver/Src/stm32l4xx_hal_uart.c 0x00000000   Number         0  stm32l4xx_hal_uart.o ABSOLUTE
    ../Drivers/STM32L4xx_HAL_Driver/Src/stm32l4xx_hal_uart_ex.c 0x00000000   Number         0  stm32l4xx_hal_uart_ex.o ABSOLUTE
    ../clib/microlib/division.c              0x00000000   Number         0  uldiv.o ABSOLUTE
    ../clib/microlib/division.c              0x00000000   Number         0  uidiv.o ABSOLUTE
    ../clib/microlib/init/entry.s            0x00000000   Number         0  entry2.o ABSOLUTE
    ../clib/microlib/init/entry.s            0x00000000   Number         0  entry5.o ABSOLUTE
    ../clib/microlib/init/entry.s            0x00000000   Number         0  entry.o ABSOLUTE
    ../clib/microlib/init/entry.s            0x00000000   Number         0  entry11b.o ABSOLUTE
    ../clib/microlib/init/entry.s            0x00000000   Number         0  entry12a.o ABSOLUTE
    ../clib/microlib/init/entry.s            0x00000000   Number         0  entry10a.o ABSOLUTE
    ../clib/microlib/init/entry.s            0x00000000   Number         0  entry7b.o ABSOLUTE
    ../clib/microlib/init/entry.s            0x00000000   Number         0  entry9b.o ABSOLUTE
    ../clib/microlib/init/entry.s            0x00000000   Number         0  entry8a.o ABSOLUTE
    ../clib/microlib/init/entry.s            0x00000000   Number         0  entry7a.o ABSOLUTE
    ../clib/microlib/init/entry.s            0x00000000   Number         0  entry8b.o ABSOLUTE
    ../clib/microlib/init/entry.s            0x00000000   Number         0  entry10b.o ABSOLUTE
    ../clib/microlib/init/entry.s            0x00000000   Number         0  entry11a.o ABSOLUTE
    ../clib/microlib/init/entry.s            0x00000000   Number         0  entry9a.o ABSOLUTE
    ../clib/microlib/init/entry.s            0x00000000   Number         0  entry12b.o ABSOLUTE
    ../clib/microlib/longlong.c              0x00000000   Number         0  llsshr.o ABSOLUTE
    ../clib/microlib/longlong.c              0x00000000   Number         0  llushr.o ABSOLUTE
    ../clib/microlib/longlong.c              0x00000000   Number         0  llshl.o ABSOLUTE
    ../clib/microlib/printf/printf.c         0x00000000   Number         0  printf1.o ABSOLUTE
    ../clib/microlib/printf/printf.c         0x00000000   Number         0  printf0.o ABSOLUTE
    ../clib/microlib/printf/printf.c         0x00000000   Number         0  printfb.o ABSOLUTE
    ../clib/microlib/printf/printf.c         0x00000000   Number         0  printfa.o ABSOLUTE
    ../clib/microlib/printf/printf.c         0x00000000   Number         0  printf8.o ABSOLUTE
    ../clib/microlib/printf/printf.c         0x00000000   Number         0  printf7.o ABSOLUTE
    ../clib/microlib/printf/printf.c         0x00000000   Number         0  printf6.o ABSOLUTE
    ../clib/microlib/printf/printf.c         0x00000000   Number         0  printf5.o ABSOLUTE
    ../clib/microlib/printf/printf.c         0x00000000   Number         0  printf4.o ABSOLUTE
    ../clib/microlib/printf/printf.c         0x00000000   Number         0  printf3.o ABSOLUTE
    ../clib/microlib/printf/printf.c         0x00000000   Number         0  printf2.o ABSOLUTE
    ../clib/microlib/printf/stubs.s          0x00000000   Number         0  stubs.o ABSOLUTE
    ../clib/microlib/stdio/fputc.c           0x00000000   Number         0  fputc.o ABSOLUTE
    ../clib/microlib/stdio/semi.s            0x00000000   Number         0  semi.o ABSOLUTE
    ../clib/microlib/stdio/streams.c         0x00000000   Number         0  stdout.o ABSOLUTE
    ../clib/microlib/string/memset.c         0x00000000   Number         0  memseta.o ABSOLUTE
    ../clib/microlib/string/strlen.c         0x00000000   Number         0  strlen.o ABSOLUTE
    ../clib/microlib/stubs.s                 0x00000000   Number         0  iusesemip.o ABSOLUTE
    ../clib/microlib/stubs.s                 0x00000000   Number         0  iusefp.o ABSOLUTE
    ../fplib/microlib/fpadd.c                0x00000000   Number         0  dadd.o ABSOLUTE
    ../fplib/microlib/fpdiv.c                0x00000000   Number         0  ddiv.o ABSOLUTE
    ../fplib/microlib/fpepilogue.c           0x00000000   Number         0  depilogue.o ABSOLUTE
    ../fplib/microlib/fpfix.c                0x00000000   Number         0  dfixi.o ABSOLUTE
    ../fplib/microlib/fpfix.c                0x00000000   Number         0  dfixul.o ABSOLUTE
    ../fplib/microlib/fpflt.c                0x00000000   Number         0  dflti.o ABSOLUTE
    ../fplib/microlib/fpflt.c                0x00000000   Number         0  dfltui.o ABSOLUTE
    ../fplib/microlib/fpmul.c                0x00000000   Number         0  dmul.o ABSOLUTE
    ..\Core\Src\IRremote.c                   0x00000000   Number         0  irremote.o ABSOLUTE
    ..\Core\Src\gui.c                        0x00000000   Number         0  gui.o ABSOLUTE
    ..\Core\Src\i2c-lcd.c                    0x00000000   Number         0  i2c-lcd.o ABSOLUTE
    ..\Core\Src\irSend.c                     0x00000000   Number         0  irsend.o ABSOLUTE
    ..\Core\Src\ir_Samsung.c                 0x00000000   Number         0  ir_samsung.o ABSOLUTE
    ..\Core\Src\main.c                       0x00000000   Number         0  main.o ABSOLUTE
    ..\Core\Src\stm32l4xx_hal_msp.c          0x00000000   Number         0  stm32l4xx_hal_msp.o ABSOLUTE
    ..\Core\Src\stm32l4xx_it.c               0x00000000   Number         0  stm32l4xx_it.o ABSOLUTE
    ..\Core\Src\system_stm32l4xx.c           0x00000000   Number         0  system_stm32l4xx_1.o ABSOLUTE
    ..\Drivers\STM32L4xx_HAL_Driver\Src\stm32l4xx_hal.c 0x00000000   Number         0  stm32l4xx_hal.o ABSOLUTE
    ..\Drivers\STM32L4xx_HAL_Driver\Src\stm32l4xx_hal_cortex.c 0x00000000   Number         0  stm32l4xx_hal_cortex.o ABSOLUTE
    ..\Drivers\STM32L4xx_HAL_Driver\Src\stm32l4xx_hal_dma.c 0x00000000   Number         0  stm32l4xx_hal_dma.o ABSOLUTE
    ..\Drivers\STM32L4xx_HAL_Driver\Src\stm32l4xx_hal_dma_ex.c 0x00000000   Number         0  stm32l4xx_hal_dma_ex.o ABSOLUTE
    ..\Drivers\STM32L4xx_HAL_Driver\Src\stm32l4xx_hal_exti.c 0x00000000   Number         0  stm32l4xx_hal_exti.o ABSOLUTE
    ..\Drivers\STM32L4xx_HAL_Driver\Src\stm32l4xx_hal_flash.c 0x00000000   Number         0  stm32l4xx_hal_flash.o ABSOLUTE
    ..\Drivers\STM32L4xx_HAL_Driver\Src\stm32l4xx_hal_flash_ex.c 0x00000000   Number         0  stm32l4xx_hal_flash_ex.o ABSOLUTE
    ..\Drivers\STM32L4xx_HAL_Driver\Src\stm32l4xx_hal_flash_ramfunc.c 0x00000000   Number         0  stm32l4xx_hal_flash_ramfunc.o ABSOLUTE
    ..\Drivers\STM32L4xx_HAL_Driver\Src\stm32l4xx_hal_gpio.c 0x00000000   Number         0  stm32l4xx_hal_gpio.o ABSOLUTE
    ..\Drivers\STM32L4xx_HAL_Driver\Src\stm32l4xx_hal_i2c.c 0x00000000   Number         0  stm32l4xx_hal_i2c.o ABSOLUTE
    ..\Drivers\STM32L4xx_HAL_Driver\Src\stm32l4xx_hal_i2c_ex.c 0x00000000   Number         0  stm32l4xx_hal_i2c_ex.o ABSOLUTE
    ..\Drivers\STM32L4xx_HAL_Driver\Src\stm32l4xx_hal_pwr.c 0x00000000   Number         0  stm32l4xx_hal_pwr.o ABSOLUTE
    ..\Drivers\STM32L4xx_HAL_Driver\Src\stm32l4xx_hal_pwr_ex.c 0x00000000   Number         0  stm32l4xx_hal_pwr_ex.o ABSOLUTE
    ..\Drivers\STM32L4xx_HAL_Driver\Src\stm32l4xx_hal_rcc.c 0x00000000   Number         0  stm32l4xx_hal_rcc.o ABSOLUTE
    ..\Drivers\STM32L4xx_HAL_Driver\Src\stm32l4xx_hal_rcc_ex.c 0x00000000   Number         0  stm32l4xx_hal_rcc_ex.o ABSOLUTE
    ..\Drivers\STM32L4xx_HAL_Driver\Src\stm32l4xx_hal_tim.c 0x00000000   Number         0  stm32l4xx_hal_tim.o ABSOLUTE
    ..\Drivers\STM32L4xx_HAL_Driver\Src\stm32l4xx_hal_tim_ex.c 0x00000000   Number         0  stm32l4xx_hal_tim_ex.o ABSOLUTE
    ..\Drivers\STM32L4xx_HAL_Driver\Src\stm32l4xx_hal_uart.c 0x00000000   Number         0  stm32l4xx_hal_uart.o ABSOLUTE
    ..\Drivers\STM32L4xx_HAL_Driver\Src\stm32l4xx_hal_uart_ex.c 0x00000000   Number         0  stm32l4xx_hal_uart_ex.o ABSOLUTE
    ..\\Core\\Src\\IRremote.c                0x00000000   Number         0  irremote.o ABSOLUTE
    ..\\Core\\Src\\gui.c                     0x00000000   Number         0  gui.o ABSOLUTE
    ..\\Core\\Src\\i2c-lcd.c                 0x00000000   Number         0  i2c-lcd.o ABSOLUTE
    ..\\Core\\Src\\irSend.c                  0x00000000   Number         0  irsend.o ABSOLUTE
    ..\\Core\\Src\\ir_Samsung.c              0x00000000   Number         0  ir_samsung.o ABSOLUTE
    cdcmple.s                                0x00000000   Number         0  cdcmple.o ABSOLUTE
    cdrcmple.s                               0x00000000   Number         0  cdrcmple.o ABSOLUTE
    dc.s                                     0x00000000   Number         0  dc.o ABSOLUTE
    handlers.s                               0x00000000   Number         0  handlers.o ABSOLUTE
    init.s                                   0x00000000   Number         0  init.o ABSOLUTE
    startup_stm32l432xx.s                    0x00000000   Number         0  startup_stm32l432xx.o ABSOLUTE
    RESET                                    0x08000000   Section      396  startup_stm32l432xx.o(RESET)
    .ARM.Collect$$$$00000000                 0x0800018c   Section        0  entry.o(.ARM.Collect$$$$00000000)
    .ARM.Collect$$$$00000001                 0x0800018c   Section        4  entry2.o(.ARM.Collect$$$$00000001)
    .ARM.Collect$$$$00000004                 0x08000190   Section        4  entry5.o(.ARM.Collect$$$$00000004)
    .ARM.Collect$$$$00000008                 0x08000194   Section        0  entry7b.o(.ARM.Collect$$$$00000008)
    .ARM.Collect$$$$0000000A                 0x08000194   Section        0  entry8b.o(.ARM.Collect$$$$0000000A)
    .ARM.Collect$$$$0000000B                 0x08000194   Section        8  entry9a.o(.ARM.Collect$$$$0000000B)
    .ARM.Collect$$$$0000000E                 0x0800019c   Section        4  entry12b.o(.ARM.Collect$$$$0000000E)
    .ARM.Collect$$$$0000000F                 0x080001a0   Section        0  entry10a.o(.ARM.Collect$$$$0000000F)
    .ARM.Collect$$$$00000011                 0x080001a0   Section        0  entry11a.o(.ARM.Collect$$$$00000011)
    .ARM.Collect$$$$00002712                 0x080001a0   Section        4  entry2.o(.ARM.Collect$$$$00002712)
    __lit__00000000                          0x080001a0   Data           4  entry2.o(.ARM.Collect$$$$00002712)
    .text                                    0x080001a4   Section       36  startup_stm32l432xx.o(.text)
    $v0                                      0x080001a4   Number         0  startup_stm32l432xx.o(.text)
    .text                                    0x080001c8   Section        0  uldiv.o(.text)
    .text                                    0x08000230   Section        0  memseta.o(.text)
    .text                                    0x08000254   Section        0  strlen.o(.text)
    .text                                    0x08000262   Section        0  dadd.o(.text)
    .text                                    0x080003c0   Section        0  dmul.o(.text)
    .text                                    0x080004aa   Section        0  ddiv.o(.text)
    .text                                    0x08000588   Section        0  dflti.o(.text)
    .text                                    0x080005aa   Section        0  dfltui.o(.text)
    .text                                    0x080005c4   Section        0  dfixi.o(.text)
    .text                                    0x08000604   Section       48  cdcmple.o(.text)
    .text                                    0x08000634   Section        0  llshl.o(.text)
    .text                                    0x08000652   Section        0  llushr.o(.text)
    .text                                    0x08000672   Section        0  llsshr.o(.text)
    .text                                    0x08000696   Section        0  depilogue.o(.text)
    .text                                    0x08000696   Section        0  iusefp.o(.text)
    .text                                    0x08000750   Section       36  init.o(.text)
    i.BusFault_Handler                       0x08000774   Section        0  stm32l4xx_it.o(i.BusFault_Handler)
    i.DWT_Init                               0x08000778   Section        0  irsend.o(i.DWT_Init)
    i.DebugMon_Handler                       0x08000798   Section        0  stm32l4xx_it.o(i.DebugMon_Handler)
    i.HAL_Delay                              0x0800079c   Section        0  stm32l4xx_hal.o(i.HAL_Delay)
    i.HAL_GPIO_Init                          0x080007c0   Section        0  stm32l4xx_hal_gpio.o(i.HAL_GPIO_Init)
    i.HAL_GPIO_ReadPin                       0x08000962   Section        0  stm32l4xx_hal_gpio.o(i.HAL_GPIO_ReadPin)
    i.HAL_GetTick                            0x0800096c   Section        0  stm32l4xx_hal.o(i.HAL_GetTick)
    i.HAL_I2CEx_ConfigAnalogFilter           0x08000978   Section        0  stm32l4xx_hal_i2c_ex.o(i.HAL_I2CEx_ConfigAnalogFilter)
    i.HAL_I2CEx_ConfigDigitalFilter          0x080009ce   Section        0  stm32l4xx_hal_i2c_ex.o(i.HAL_I2CEx_ConfigDigitalFilter)
    i.HAL_I2C_Init                           0x08000a20   Section        0  stm32l4xx_hal_i2c.o(i.HAL_I2C_Init)
    i.HAL_I2C_Master_Transmit                0x08000ad8   Section        0  stm32l4xx_hal_i2c.o(i.HAL_I2C_Master_Transmit)
    i.HAL_I2C_MspInit                        0x08000c04   Section        0  stm32l4xx_hal_msp.o(i.HAL_I2C_MspInit)
    i.HAL_IncTick                            0x08000c68   Section        0  stm32l4xx_hal.o(i.HAL_IncTick)
    i.HAL_Init                               0x08000c78   Section        0  stm32l4xx_hal.o(i.HAL_Init)
    i.HAL_InitTick                           0x08000c98   Section        0  stm32l4xx_hal.o(i.HAL_InitTick)
    i.HAL_MspInit                            0x08000cdc   Section        0  stm32l4xx_hal_msp.o(i.HAL_MspInit)
    i.HAL_NVIC_EnableIRQ                     0x08000d08   Section        0  stm32l4xx_hal_cortex.o(i.HAL_NVIC_EnableIRQ)
    i.HAL_NVIC_SetPriority                   0x08000d24   Section        0  stm32l4xx_hal_cortex.o(i.HAL_NVIC_SetPriority)
    i.HAL_NVIC_SetPriorityGrouping           0x08000d64   Section        0  stm32l4xx_hal_cortex.o(i.HAL_NVIC_SetPriorityGrouping)
    i.HAL_PWREx_ControlVoltageScaling        0x08000d88   Section        0  stm32l4xx_hal_pwr_ex.o(i.HAL_PWREx_ControlVoltageScaling)
    i.HAL_PWREx_GetVoltageRange              0x08000df0   Section        0  stm32l4xx_hal_pwr_ex.o(i.HAL_PWREx_GetVoltageRange)
    i.HAL_RCCEx_PeriphCLKConfig              0x08000e00   Section        0  stm32l4xx_hal_rcc_ex.o(i.HAL_RCCEx_PeriphCLKConfig)
    i.HAL_RCC_ClockConfig                    0x0800108c   Section        0  stm32l4xx_hal_rcc.o(i.HAL_RCC_ClockConfig)
    i.HAL_RCC_GetPCLK1Freq                   0x080011ac   Section        0  stm32l4xx_hal_rcc.o(i.HAL_RCC_GetPCLK1Freq)
    i.HAL_RCC_GetPCLK2Freq                   0x080011d0   Section        0  stm32l4xx_hal_rcc.o(i.HAL_RCC_GetPCLK2Freq)
    i.HAL_RCC_GetSysClockFreq                0x080011f4   Section        0  stm32l4xx_hal_rcc.o(i.HAL_RCC_GetSysClockFreq)
    i.HAL_RCC_OscConfig                      0x08001298   Section        0  stm32l4xx_hal_rcc.o(i.HAL_RCC_OscConfig)
    i.HAL_SYSTICK_Config                     0x08001804   Section        0  stm32l4xx_hal_cortex.o(i.HAL_SYSTICK_Config)
    i.HAL_TIMEx_Break2Callback               0x0800182c   Section        0  stm32l4xx_hal_tim_ex.o(i.HAL_TIMEx_Break2Callback)
    i.HAL_TIMEx_BreakCallback                0x0800182e   Section        0  stm32l4xx_hal_tim_ex.o(i.HAL_TIMEx_BreakCallback)
    i.HAL_TIMEx_CommutCallback               0x08001830   Section        0  stm32l4xx_hal_tim_ex.o(i.HAL_TIMEx_CommutCallback)
    i.HAL_TIMEx_MasterConfigSynchronization  0x08001834   Section        0  stm32l4xx_hal_tim_ex.o(i.HAL_TIMEx_MasterConfigSynchronization)
    i.HAL_TIM_Base_DeInit                    0x080018a0   Section        0  stm32l4xx_hal_tim.o(i.HAL_TIM_Base_DeInit)
    i.HAL_TIM_Base_Init                      0x08001904   Section        0  stm32l4xx_hal_tim.o(i.HAL_TIM_Base_Init)
    i.HAL_TIM_Base_MspDeInit                 0x08001966   Section        0  stm32l4xx_hal_tim.o(i.HAL_TIM_Base_MspDeInit)
    i.HAL_TIM_Base_MspInit                   0x08001968   Section        0  stm32l4xx_hal_tim.o(i.HAL_TIM_Base_MspInit)
    i.HAL_TIM_Base_Start_IT                  0x0800196c   Section        0  stm32l4xx_hal_tim.o(i.HAL_TIM_Base_Start_IT)
    i.HAL_TIM_ConfigClockSource              0x080019c4   Section        0  stm32l4xx_hal_tim.o(i.HAL_TIM_ConfigClockSource)
    i.HAL_TIM_IC_CaptureCallback             0x08001aa0   Section        0  stm32l4xx_hal_tim.o(i.HAL_TIM_IC_CaptureCallback)
    i.HAL_TIM_IRQHandler                     0x08001aa2   Section        0  stm32l4xx_hal_tim.o(i.HAL_TIM_IRQHandler)
    i.HAL_TIM_MspPostInit                    0x08001c28   Section        0  stm32l4xx_hal_msp.o(i.HAL_TIM_MspPostInit)
    i.HAL_TIM_OC_DelayElapsedCallback        0x08001c74   Section        0  stm32l4xx_hal_tim.o(i.HAL_TIM_OC_DelayElapsedCallback)
    i.HAL_TIM_PWM_ConfigChannel              0x08001c76   Section        0  stm32l4xx_hal_tim.o(i.HAL_TIM_PWM_ConfigChannel)
    i.HAL_TIM_PWM_Init                       0x08001d94   Section        0  stm32l4xx_hal_tim.o(i.HAL_TIM_PWM_Init)
    i.HAL_TIM_PWM_MspInit                    0x08001df8   Section        0  stm32l4xx_hal_msp.o(i.HAL_TIM_PWM_MspInit)
    i.HAL_TIM_PWM_PulseFinishedCallback      0x08001e30   Section        0  stm32l4xx_hal_tim.o(i.HAL_TIM_PWM_PulseFinishedCallback)
    i.HAL_TIM_PWM_Start                      0x08001e34   Section        0  stm32l4xx_hal_tim.o(i.HAL_TIM_PWM_Start)
    i.HAL_TIM_PWM_Stop                       0x08001f04   Section        0  stm32l4xx_hal_tim.o(i.HAL_TIM_PWM_Stop)
    i.HAL_TIM_PeriodElapsedCallback          0x08001f9c   Section        0  irremote.o(i.HAL_TIM_PeriodElapsedCallback)
    i.HAL_TIM_TriggerCallback                0x08002040   Section        0  stm32l4xx_hal_tim.o(i.HAL_TIM_TriggerCallback)
    i.HAL_UART_Init                          0x08002042   Section        0  stm32l4xx_hal_uart.o(i.HAL_UART_Init)
    i.HAL_UART_MspInit                       0x080020a8   Section        0  stm32l4xx_hal_msp.o(i.HAL_UART_MspInit)
    i.HAL_UART_Transmit                      0x08002138   Section        0  stm32l4xx_hal_uart.o(i.HAL_UART_Transmit)
    i.HardFault_Handler                      0x080021ee   Section        0  stm32l4xx_it.o(i.HardFault_Handler)
    i.I2C_Flush_TXDR                         0x080021f0   Section        0  stm32l4xx_hal_i2c.o(i.I2C_Flush_TXDR)
    I2C_Flush_TXDR                           0x080021f1   Thumb Code    34  stm32l4xx_hal_i2c.o(i.I2C_Flush_TXDR)
    i.I2C_IsAcknowledgeFailed                0x08002214   Section        0  stm32l4xx_hal_i2c.o(i.I2C_IsAcknowledgeFailed)
    I2C_IsAcknowledgeFailed                  0x08002215   Thumb Code   128  stm32l4xx_hal_i2c.o(i.I2C_IsAcknowledgeFailed)
    i.I2C_TransferConfig                     0x08002298   Section        0  stm32l4xx_hal_i2c.o(i.I2C_TransferConfig)
    I2C_TransferConfig                       0x08002299   Thumb Code    40  stm32l4xx_hal_i2c.o(i.I2C_TransferConfig)
    i.I2C_WaitOnFlagUntilTimeout             0x080022c4   Section        0  stm32l4xx_hal_i2c.o(i.I2C_WaitOnFlagUntilTimeout)
    I2C_WaitOnFlagUntilTimeout               0x080022c5   Thumb Code    88  stm32l4xx_hal_i2c.o(i.I2C_WaitOnFlagUntilTimeout)
    i.I2C_WaitOnSTOPFlagUntilTimeout         0x0800231c   Section        0  stm32l4xx_hal_i2c.o(i.I2C_WaitOnSTOPFlagUntilTimeout)
    I2C_WaitOnSTOPFlagUntilTimeout           0x0800231d   Thumb Code    76  stm32l4xx_hal_i2c.o(i.I2C_WaitOnSTOPFlagUntilTimeout)
    i.I2C_WaitOnTXISFlagUntilTimeout         0x08002368   Section        0  stm32l4xx_hal_i2c.o(i.I2C_WaitOnTXISFlagUntilTimeout)
    I2C_WaitOnTXISFlagUntilTimeout           0x08002369   Thumb Code    80  stm32l4xx_hal_i2c.o(i.I2C_WaitOnTXISFlagUntilTimeout)
    i.MATCH_MARK                             0x080023b8   Section        0  irremote.o(i.MATCH_MARK)
    i.MATCH_SPACE                            0x08002450   Section        0  irremote.o(i.MATCH_SPACE)
    i.MX_GPIO_Init                           0x080024e8   Section        0  main.o(i.MX_GPIO_Init)
    MX_GPIO_Init                             0x080024e9   Thumb Code    86  main.o(i.MX_GPIO_Init)
    i.MX_I2C1_Init                           0x08002548   Section        0  main.o(i.MX_I2C1_Init)
    MX_I2C1_Init                             0x08002549   Thumb Code    54  main.o(i.MX_I2C1_Init)
    i.MX_TIM2_Init                           0x0800258c   Section        0  main.o(i.MX_TIM2_Init)
    MX_TIM2_Init                             0x0800258d   Thumb Code    86  main.o(i.MX_TIM2_Init)
    i.MX_USART1_UART_Init                    0x080025e8   Section        0  main.o(i.MX_USART1_UART_Init)
    MX_USART1_UART_Init                      0x080025e9   Thumb Code    36  main.o(i.MX_USART1_UART_Init)
    i.MX_USART2_UART_Init                    0x08002614   Section        0  main.o(i.MX_USART2_UART_Init)
    MX_USART2_UART_Init                      0x08002615   Thumb Code    36  main.o(i.MX_USART2_UART_Init)
    i.MemManage_Handler                      0x08002640   Section        0  stm32l4xx_it.o(i.MemManage_Handler)
    i.NMI_Handler                            0x08002642   Section        0  stm32l4xx_it.o(i.NMI_Handler)
    i.PendSV_Handler                         0x08002644   Section        0  stm32l4xx_it.o(i.PendSV_Handler)
    i.RCCEx_PLLSAI1_Config                   0x08002648   Section        0  stm32l4xx_hal_rcc_ex.o(i.RCCEx_PLLSAI1_Config)
    RCCEx_PLLSAI1_Config                     0x08002649   Thumb Code   278  stm32l4xx_hal_rcc_ex.o(i.RCCEx_PLLSAI1_Config)
    i.RCC_SetFlashLatencyFromMSIRange        0x08002774   Section        0  stm32l4xx_hal_rcc.o(i.RCC_SetFlashLatencyFromMSIRange)
    RCC_SetFlashLatencyFromMSIRange          0x08002775   Thumb Code   116  stm32l4xx_hal_rcc.o(i.RCC_SetFlashLatencyFromMSIRange)
    i.SVC_Handler                            0x080027f0   Section        0  stm32l4xx_it.o(i.SVC_Handler)
    i.SysTick_Handler                        0x080027f2   Section        0  stm32l4xx_it.o(i.SysTick_Handler)
    i.SystemClock_Config                     0x080027f6   Section        0  main.o(i.SystemClock_Config)
    i.SystemInit                             0x08002870   Section        0  system_stm32l4xx_1.o(i.SystemInit)
    i.TIM2_IRQHandler                        0x080028b4   Section        0  stm32l4xx_it.o(i.TIM2_IRQHandler)
    i.TIM_Base_SetConfig                     0x080028c0   Section        0  stm32l4xx_hal_tim.o(i.TIM_Base_SetConfig)
    i.TIM_CCxChannelCmd                      0x0800292c   Section        0  stm32l4xx_hal_tim.o(i.TIM_CCxChannelCmd)
    i.TIM_ETR_SetConfig                      0x08002946   Section        0  stm32l4xx_hal_tim.o(i.TIM_ETR_SetConfig)
    i.TIM_ITRx_SetConfig                     0x0800295a   Section        0  stm32l4xx_hal_tim.o(i.TIM_ITRx_SetConfig)
    TIM_ITRx_SetConfig                       0x0800295b   Thumb Code    16  stm32l4xx_hal_tim.o(i.TIM_ITRx_SetConfig)
    i.TIM_OC1_SetConfig                      0x0800296c   Section        0  stm32l4xx_hal_tim.o(i.TIM_OC1_SetConfig)
    TIM_OC1_SetConfig                        0x0800296d   Thumb Code   104  stm32l4xx_hal_tim.o(i.TIM_OC1_SetConfig)
    i.TIM_OC2_SetConfig                      0x080029e4   Section        0  stm32l4xx_hal_tim.o(i.TIM_OC2_SetConfig)
    i.TIM_OC3_SetConfig                      0x08002a5c   Section        0  stm32l4xx_hal_tim.o(i.TIM_OC3_SetConfig)
    TIM_OC3_SetConfig                        0x08002a5d   Thumb Code   100  stm32l4xx_hal_tim.o(i.TIM_OC3_SetConfig)
    i.TIM_OC4_SetConfig                      0x08002ad0   Section        0  stm32l4xx_hal_tim.o(i.TIM_OC4_SetConfig)
    TIM_OC4_SetConfig                        0x08002ad1   Thumb Code    80  stm32l4xx_hal_tim.o(i.TIM_OC4_SetConfig)
    i.TIM_OC5_SetConfig                      0x08002b30   Section        0  stm32l4xx_hal_tim.o(i.TIM_OC5_SetConfig)
    TIM_OC5_SetConfig                        0x08002b31   Thumb Code    74  stm32l4xx_hal_tim.o(i.TIM_OC5_SetConfig)
    i.TIM_OC6_SetConfig                      0x08002b8c   Section        0  stm32l4xx_hal_tim.o(i.TIM_OC6_SetConfig)
    TIM_OC6_SetConfig                        0x08002b8d   Thumb Code    76  stm32l4xx_hal_tim.o(i.TIM_OC6_SetConfig)
    i.TIM_TI1_ConfigInputStage               0x08002be8   Section        0  stm32l4xx_hal_tim.o(i.TIM_TI1_ConfigInputStage)
    TIM_TI1_ConfigInputStage                 0x08002be9   Thumb Code    34  stm32l4xx_hal_tim.o(i.TIM_TI1_ConfigInputStage)
    i.TIM_TI2_ConfigInputStage               0x08002c0a   Section        0  stm32l4xx_hal_tim.o(i.TIM_TI2_ConfigInputStage)
    TIM_TI2_ConfigInputStage                 0x08002c0b   Thumb Code    36  stm32l4xx_hal_tim.o(i.TIM_TI2_ConfigInputStage)
    i.UART_AdvFeatureConfig                  0x08002c2e   Section        0  stm32l4xx_hal_uart.o(i.UART_AdvFeatureConfig)
    i.UART_CheckIdleState                    0x08002cf6   Section        0  stm32l4xx_hal_uart.o(i.UART_CheckIdleState)
    i.UART_SetConfig                         0x08002d50   Section        0  stm32l4xx_hal_uart.o(i.UART_SetConfig)
    i.UART_WaitOnFlagUntilTimeout            0x08002f34   Section        0  stm32l4xx_hal_uart.o(i.UART_WaitOnFlagUntilTimeout)
    i.UIammo                                 0x08002fd8   Section        0  gui.o(i.UIammo)
    i.UIhealth                               0x08002ff8   Section        0  gui.o(i.UIhealth)
    i.UImain                                 0x0800302c   Section        0  gui.o(i.UImain)
    i.UsageFault_Handler                     0x08003050   Section        0  stm32l4xx_it.o(i.UsageFault_Handler)
    i.__0snprintf$5                          0x08003054   Section        0  printf5.o(i.__0snprintf$5)
    i.__0sprintf$5                           0x08003088   Section        0  printf5.o(i.__0sprintf$5)
    i.__NVIC_SetPriority                     0x080030b0   Section        0  stm32l4xx_hal_cortex.o(i.__NVIC_SetPriority)
    __NVIC_SetPriority                       0x080030b1   Thumb Code    32  stm32l4xx_hal_cortex.o(i.__NVIC_SetPriority)
    i.__scatterload_copy                     0x080030d0   Section       14  handlers.o(i.__scatterload_copy)
    i.__scatterload_null                     0x080030de   Section        2  handlers.o(i.__scatterload_null)
    i.__scatterload_zeroinit                 0x080030e0   Section       14  handlers.o(i.__scatterload_zeroinit)
    i._printf_core                           0x080030f0   Section        0  printf5.o(i._printf_core)
    _printf_core                             0x080030f1   Thumb Code   660  printf5.o(i._printf_core)
    i._snputc                                0x080033b6   Section        0  printf5.o(i._snputc)
    _snputc                                  0x080033b7   Thumb Code    22  printf5.o(i._snputc)
    i._sputc                                 0x080033cc   Section        0  printf5.o(i._sputc)
    _sputc                                   0x080033cd   Thumb Code    10  printf5.o(i._sputc)
    i.ammoBar                                0x080033d8   Section        0  gui.o(i.ammoBar)
    i.compare                                0x08003418   Section        0  irremote.o(i.compare)
    i.creatHearts                            0x080034a0   Section        0  gui.o(i.creatHearts)
    i.custom_delay_usec                      0x080034bc   Section        0  irsend.o(i.custom_delay_usec)
    i.deathIndicator                         0x080034e4   Section        0  gui.o(i.deathIndicator)
    i.decodeHash                             0x08003520   Section        0  irremote.o(i.decodeHash)
    i.decodeSAMSUNG                          0x08003578   Section        0  ir_samsung.o(i.decodeSAMSUNG)
    i.enableIROut                            0x08003638   Section        0  irsend.o(i.enableIROut)
    i.healthBar                              0x080036d0   Section        0  gui.o(i.healthBar)
    i.lcd_create_char                        0x08003728   Section        0  i2c-lcd.o(i.lcd_create_char)
    i.lcd_init                               0x08003754   Section        0  i2c-lcd.o(i.lcd_init)
    i.lcd_put_cur                            0x080037cc   Section        0  i2c-lcd.o(i.lcd_put_cur)
    i.lcd_send_cmd                           0x080037e4   Section        0  i2c-lcd.o(i.lcd_send_cmd)
    i.lcd_send_data                          0x08003824   Section        0  i2c-lcd.o(i.lcd_send_data)
    i.lcd_send_string                        0x08003864   Section        0  i2c-lcd.o(i.lcd_send_string)
    i.main                                   0x08003878   Section        0  main.o(i.main)
    i.mark                                   0x08003b00   Section        0  irsend.o(i.mark)
    i.my_decode                              0x08003b20   Section        0  irremote.o(i.my_decode)
    i.my_enableIRIn                          0x08003b5c   Section        0  irremote.o(i.my_enableIRIn)
    i.my_resume                              0x08003bc8   Section        0  irremote.o(i.my_resume)
    i.reloadIndicator                        0x08003bd8   Section        0  gui.o(i.reloadIndicator)
    i.sendSAMSUNG                            0x08003c14   Section        0  ir_samsung.o(i.sendSAMSUNG)
    i.space                                  0x08003c70   Section        0  irsend.o(i.space)
    .constdata                               0x08003c90   Section       64  system_stm32l4xx_1.o(.constdata)
    .constdata                               0x08003cd0   Section        8  system_stm32l4xx_1.o(.constdata)
    .conststring                             0x08003cd8   Section      137  main.o(.conststring)
    .data                                    0x20000000   Section       92  main.o(.data)
    count                                    0x20000003   Data           1  main.o(.data)
    button_state                             0x20000004   Data           1  main.o(.data)
    decode_str                               0x20000014   Data          72  main.o(.data)
    .data                                    0x2000005c   Section       19  gui.o(.data)
    .data                                    0x20000070   Section       12  stm32l4xx_hal.o(.data)
    .data                                    0x2000007c   Section        4  system_stm32l4xx_1.o(.data)
    .bss                                     0x20000080   Section      524  main.o(.bss)
    .bss                                     0x2000028c   Section      518  main.o(.bss)
    STACK                                    0x20000498   Section     1024  startup_stm32l432xx.o(STACK)

    Global Symbols

    Symbol Name                              Value     Ov Type        Size  Object(Section)

    BuildAttributes$$THM_ISAv4$E$P$D$K$B$S$7EM$VFPi3$EXTD16$VFPS$VFMA$PE$A:L22UL41UL21$X:L11$S22US41US21$IEEE1$IW$USESV6$~STKCKD$USESV7$~SHL$OSPACE$ROPI$EBA8$MICROLIB$REQ8$PRES8$EABIv2 0x00000000   Number         0  anon$$obj.o ABSOLUTE
    __ARM_use_no_argv                        0x00000000   Number         0  main.o ABSOLUTE
    _printf_a                                0x00000000   Number         0  stubs.o ABSOLUTE
    _printf_c                                0x00000000   Number         0  stubs.o ABSOLUTE
    _printf_charcount                        0x00000000   Number         0  stubs.o ABSOLUTE
    _printf_d                                0x00000000   Number         0  stubs.o ABSOLUTE
    _printf_e                                0x00000000   Number         0  stubs.o ABSOLUTE
    _printf_f                                0x00000000   Number         0  stubs.o ABSOLUTE
    _printf_flags                            0x00000000   Number         0  stubs.o ABSOLUTE
    _printf_fp_dec                           0x00000000   Number         0  stubs.o ABSOLUTE
    _printf_fp_hex                           0x00000000   Number         0  stubs.o ABSOLUTE
    _printf_g                                0x00000000   Number         0  stubs.o ABSOLUTE
    _printf_i                                0x00000000   Number         0  stubs.o ABSOLUTE
    _printf_int_dec                          0x00000000   Number         0  stubs.o ABSOLUTE
    _printf_l                                0x00000000   Number         0  stubs.o ABSOLUTE
    _printf_lc                               0x00000000   Number         0  stubs.o ABSOLUTE
    _printf_ll                               0x00000000   Number         0  stubs.o ABSOLUTE
    _printf_lld                              0x00000000   Number         0  stubs.o ABSOLUTE
    _printf_lli                              0x00000000   Number         0  stubs.o ABSOLUTE
    _printf_llo                              0x00000000   Number         0  stubs.o ABSOLUTE
    _printf_llu                              0x00000000   Number         0  stubs.o ABSOLUTE
    _printf_llx                              0x00000000   Number         0  stubs.o ABSOLUTE
    _printf_longlong_dec                     0x00000000   Number         0  stubs.o ABSOLUTE
    _printf_longlong_hex                     0x00000000   Number         0  stubs.o ABSOLUTE
    _printf_longlong_oct                     0x00000000   Number         0  stubs.o ABSOLUTE
    _printf_ls                               0x00000000   Number         0  stubs.o ABSOLUTE
    _printf_mbtowc                           0x00000000   Number         0  stubs.o ABSOLUTE
    _printf_n                                0x00000000   Number         0  stubs.o ABSOLUTE
    _printf_o                                0x00000000   Number         0  stubs.o ABSOLUTE
    _printf_p                                0x00000000   Number         0  stubs.o ABSOLUTE
    _printf_percent                          0x00000000   Number         0  stubs.o ABSOLUTE
    _printf_pre_padding                      0x00000000   Number         0  stubs.o ABSOLUTE
    _printf_return_value                     0x00000000   Number         0  stubs.o ABSOLUTE
    _printf_s                                0x00000000   Number         0  stubs.o ABSOLUTE
    _printf_sizespec                         0x00000000   Number         0  stubs.o ABSOLUTE
    _printf_str                              0x00000000   Number         0  stubs.o ABSOLUTE
    _printf_truncate_signed                  0x00000000   Number         0  stubs.o ABSOLUTE
    _printf_truncate_unsigned                0x00000000   Number         0  stubs.o ABSOLUTE
    _printf_u                                0x00000000   Number         0  stubs.o ABSOLUTE
    _printf_wc                               0x00000000   Number         0  stubs.o ABSOLUTE
    _printf_wctomb                           0x00000000   Number         0  stubs.o ABSOLUTE
    _printf_widthprec                        0x00000000   Number         0  stubs.o ABSOLUTE
    _printf_x                                0x00000000   Number         0  stubs.o ABSOLUTE
    __arm_fini_                               - Undefined Weak Reference
    __cpp_initialize__aeabi_                  - Undefined Weak Reference
    __cxa_finalize                            - Undefined Weak Reference
    __decompress                              - Undefined Weak Reference
    _clock_init                               - Undefined Weak Reference
    _microlib_exit                            - Undefined Weak Reference
    __Vectors_Size                           0x0000018c   Number         0  startup_stm32l432xx.o ABSOLUTE
    __Vectors                                0x08000000   Data           4  startup_stm32l432xx.o(RESET)
    __Vectors_End                            0x0800018c   Data           0  startup_stm32l432xx.o(RESET)
    __main                                   0x0800018d   Thumb Code     0  entry.o(.ARM.Collect$$$$00000000)
    _main_stk                                0x0800018d   Thumb Code     0  entry2.o(.ARM.Collect$$$$00000001)
    _main_scatterload                        0x08000191   Thumb Code     0  entry5.o(.ARM.Collect$$$$00000004)
    __main_after_scatterload                 0x08000195   Thumb Code     0  entry5.o(.ARM.Collect$$$$00000004)
    _main_clock                              0x08000195   Thumb Code     0  entry7b.o(.ARM.Collect$$$$00000008)
    _main_cpp_init                           0x08000195   Thumb Code     0  entry8b.o(.ARM.Collect$$$$0000000A)
    _main_init                               0x08000195   Thumb Code     0  entry9a.o(.ARM.Collect$$$$0000000B)
    __rt_lib_shutdown_fini                   0x0800019d   Thumb Code     0  entry12b.o(.ARM.Collect$$$$0000000E)
    __rt_final_cpp                           0x080001a1   Thumb Code     0  entry10a.o(.ARM.Collect$$$$0000000F)
    __rt_final_exit                          0x080001a1   Thumb Code     0  entry11a.o(.ARM.Collect$$$$00000011)
    Reset_Handler                            0x080001a5   Thumb Code     8  startup_stm32l432xx.o(.text)
    ADC1_IRQHandler                          0x080001bf   Thumb Code     0  startup_stm32l432xx.o(.text)
    CAN1_RX0_IRQHandler                      0x080001bf   Thumb Code     0  startup_stm32l432xx.o(.text)
    CAN1_RX1_IRQHandler                      0x080001bf   Thumb Code     0  startup_stm32l432xx.o(.text)
    CAN1_SCE_IRQHandler                      0x080001bf   Thumb Code     0  startup_stm32l432xx.o(.text)
    CAN1_TX_IRQHandler                       0x080001bf   Thumb Code     0  startup_stm32l432xx.o(.text)
    COMP_IRQHandler                          0x080001bf   Thumb Code     0  startup_stm32l432xx.o(.text)
    CRS_IRQHandler                           0x080001bf   Thumb Code     0  startup_stm32l432xx.o(.text)
    DMA1_Channel1_IRQHandler                 0x080001bf   Thumb Code     0  startup_stm32l432xx.o(.text)
    DMA1_Channel2_IRQHandler                 0x080001bf   Thumb Code     0  startup_stm32l432xx.o(.text)
    DMA1_Channel3_IRQHandler                 0x080001bf   Thumb Code     0  startup_stm32l432xx.o(.text)
    DMA1_Channel4_IRQHandler                 0x080001bf   Thumb Code     0  startup_stm32l432xx.o(.text)
    DMA1_Channel5_IRQHandler                 0x080001bf   Thumb Code     0  startup_stm32l432xx.o(.text)
    DMA1_Channel6_IRQHandler                 0x080001bf   Thumb Code     0  startup_stm32l432xx.o(.text)
    DMA1_Channel7_IRQHandler                 0x080001bf   Thumb Code     0  startup_stm32l432xx.o(.text)
    DMA2_Channel1_IRQHandler                 0x080001bf   Thumb Code     0  startup_stm32l432xx.o(.text)
    DMA2_Channel2_IRQHandler                 0x080001bf   Thumb Code     0  startup_stm32l432xx.o(.text)
    DMA2_Channel3_IRQHandler                 0x080001bf   Thumb Code     0  startup_stm32l432xx.o(.text)
    DMA2_Channel4_IRQHandler                 0x080001bf   Thumb Code     0  startup_stm32l432xx.o(.text)
    DMA2_Channel5_IRQHandler                 0x080001bf   Thumb Code     0  startup_stm32l432xx.o(.text)
    DMA2_Channel6_IRQHandler                 0x080001bf   Thumb Code     0  startup_stm32l432xx.o(.text)
    DMA2_Channel7_IRQHandler                 0x080001bf   Thumb Code     0  startup_stm32l432xx.o(.text)
    EXTI0_IRQHandler                         0x080001bf   Thumb Code     0  startup_stm32l432xx.o(.text)
    EXTI15_10_IRQHandler                     0x080001bf   Thumb Code     0  startup_stm32l432xx.o(.text)
    EXTI1_IRQHandler                         0x080001bf   Thumb Code     0  startup_stm32l432xx.o(.text)
    EXTI2_IRQHandler                         0x080001bf   Thumb Code     0  startup_stm32l432xx.o(.text)
    EXTI3_IRQHandler                         0x080001bf   Thumb Code     0  startup_stm32l432xx.o(.text)
    EXTI4_IRQHandler                         0x080001bf   Thumb Code     0  startup_stm32l432xx.o(.text)
    EXTI9_5_IRQHandler                       0x080001bf   Thumb Code     0  startup_stm32l432xx.o(.text)
    FLASH_IRQHandler                         0x080001bf   Thumb Code     0  startup_stm32l432xx.o(.text)
    FPU_IRQHandler                           0x080001bf   Thumb Code     0  startup_stm32l432xx.o(.text)
    I2C1_ER_IRQHandler                       0x080001bf   Thumb Code     0  startup_stm32l432xx.o(.text)
    I2C1_EV_IRQHandler                       0x080001bf   Thumb Code     0  startup_stm32l432xx.o(.text)
    I2C3_ER_IRQHandler                       0x080001bf   Thumb Code     0  startup_stm32l432xx.o(.text)
    I2C3_EV_IRQHandler                       0x080001bf   Thumb Code     0  startup_stm32l432xx.o(.text)
    LPTIM1_IRQHandler                        0x080001bf   Thumb Code     0  startup_stm32l432xx.o(.text)
    LPTIM2_IRQHandler                        0x080001bf   Thumb Code     0  startup_stm32l432xx.o(.text)
    LPUART1_IRQHandler                       0x080001bf   Thumb Code     0  startup_stm32l432xx.o(.text)
    PVD_PVM_IRQHandler                       0x080001bf   Thumb Code     0  startup_stm32l432xx.o(.text)
    QUADSPI_IRQHandler                       0x080001bf   Thumb Code     0  startup_stm32l432xx.o(.text)
    RCC_IRQHandler                           0x080001bf   Thumb Code     0  startup_stm32l432xx.o(.text)
    RNG_IRQHandler                           0x080001bf   Thumb Code     0  startup_stm32l432xx.o(.text)
    RTC_Alarm_IRQHandler                     0x080001bf   Thumb Code     0  startup_stm32l432xx.o(.text)
    RTC_WKUP_IRQHandler                      0x080001bf   Thumb Code     0  startup_stm32l432xx.o(.text)
    SAI1_IRQHandler                          0x080001bf   Thumb Code     0  startup_stm32l432xx.o(.text)
    SPI1_IRQHandler                          0x080001bf   Thumb Code     0  startup_stm32l432xx.o(.text)
    SPI3_IRQHandler                          0x080001bf   Thumb Code     0  startup_stm32l432xx.o(.text)
    SWPMI1_IRQHandler                        0x080001bf   Thumb Code     0  startup_stm32l432xx.o(.text)
    TAMP_STAMP_IRQHandler                    0x080001bf   Thumb Code     0  startup_stm32l432xx.o(.text)
    TIM1_BRK_TIM15_IRQHandler                0x080001bf   Thumb Code     0  startup_stm32l432xx.o(.text)
    TIM1_CC_IRQHandler                       0x080001bf   Thumb Code     0  startup_stm32l432xx.o(.text)
    TIM1_TRG_COM_IRQHandler                  0x080001bf   Thumb Code     0  startup_stm32l432xx.o(.text)
    TIM1_UP_TIM16_IRQHandler                 0x080001bf   Thumb Code     0  startup_stm32l432xx.o(.text)
    TIM6_DAC_IRQHandler                      0x080001bf   Thumb Code     0  startup_stm32l432xx.o(.text)
    TIM7_IRQHandler                          0x080001bf   Thumb Code     0  startup_stm32l432xx.o(.text)
    TSC_IRQHandler                           0x080001bf   Thumb Code     0  startup_stm32l432xx.o(.text)
    USART1_IRQHandler                        0x080001bf   Thumb Code     0  startup_stm32l432xx.o(.text)
    USART2_IRQHandler                        0x080001bf   Thumb Code     0  startup_stm32l432xx.o(.text)
    USB_IRQHandler                           0x080001bf   Thumb Code     0  startup_stm32l432xx.o(.text)
    WWDG_IRQHandler                          0x080001bf   Thumb Code     0  startup_stm32l432xx.o(.text)
    __aeabi_uldivmod                         0x080001c9   Thumb Code    98  uldiv.o(.text)
    __aeabi_memset                           0x08000231   Thumb Code    14  memseta.o(.text)
    __aeabi_memset4                          0x08000231   Thumb Code     0  memseta.o(.text)
    __aeabi_memset8                          0x08000231   Thumb Code     0  memseta.o(.text)
    __aeabi_memclr                           0x0800023f   Thumb Code     4  memseta.o(.text)
    __aeabi_memclr4                          0x0800023f   Thumb Code     0  memseta.o(.text)
    __aeabi_memclr8                          0x0800023f   Thumb Code     0  memseta.o(.text)
    _memset$wrapper                          0x08000243   Thumb Code    18  memseta.o(.text)
    strlen                                   0x08000255   Thumb Code    14  strlen.o(.text)
    __aeabi_dadd                             0x08000263   Thumb Code   322  dadd.o(.text)
    __aeabi_dsub                             0x080003a5   Thumb Code     6  dadd.o(.text)
    __aeabi_drsub                            0x080003ab   Thumb Code     6  dadd.o(.text)
    __aeabi_dmul                             0x080003c1   Thumb Code   228  dmul.o(.text)
    __aeabi_ddiv                             0x080004ab   Thumb Code   222  ddiv.o(.text)
    __aeabi_i2d                              0x08000589   Thumb Code    34  dflti.o(.text)
    __aeabi_ui2d                             0x080005ab   Thumb Code    26  dfltui.o(.text)
    __aeabi_d2iz                             0x080005c5   Thumb Code    62  dfixi.o(.text)
    __aeabi_cdcmpeq                          0x08000605   Thumb Code     0  cdcmple.o(.text)
    __aeabi_cdcmple                          0x08000605   Thumb Code    48  cdcmple.o(.text)
    __aeabi_llsl                             0x08000635   Thumb Code    30  llshl.o(.text)
    _ll_shift_l                              0x08000635   Thumb Code     0  llshl.o(.text)
    __aeabi_llsr                             0x08000653   Thumb Code    32  llushr.o(.text)
    _ll_ushift_r                             0x08000653   Thumb Code     0  llushr.o(.text)
    __aeabi_lasr                             0x08000673   Thumb Code    36  llsshr.o(.text)
    _ll_sshift_r                             0x08000673   Thumb Code     0  llsshr.o(.text)
    __I$use$fp                               0x08000697   Thumb Code     0  iusefp.o(.text)
    _double_round                            0x08000697   Thumb Code    30  depilogue.o(.text)
    _double_epilogue                         0x080006b5   Thumb Code   156  depilogue.o(.text)
    __scatterload                            0x08000751   Thumb Code    28  init.o(.text)
    __scatterload_rt2                        0x08000751   Thumb Code     0  init.o(.text)
    BusFault_Handler                         0x08000775   Thumb Code     2  stm32l4xx_it.o(i.BusFault_Handler)
    DWT_Init                                 0x08000779   Thumb Code    22  irsend.o(i.DWT_Init)
    DebugMon_Handler                         0x08000799   Thumb Code     2  stm32l4xx_it.o(i.DebugMon_Handler)
    HAL_Delay                                0x0800079d   Thumb Code    32  stm32l4xx_hal.o(i.HAL_Delay)
    HAL_GPIO_Init                            0x080007c1   Thumb Code   392  stm32l4xx_hal_gpio.o(i.HAL_GPIO_Init)
    HAL_GPIO_ReadPin                         0x08000963   Thumb Code    10  stm32l4xx_hal_gpio.o(i.HAL_GPIO_ReadPin)
    HAL_GetTick                              0x0800096d   Thumb Code     6  stm32l4xx_hal.o(i.HAL_GetTick)
    HAL_I2CEx_ConfigAnalogFilter             0x08000979   Thumb Code    86  stm32l4xx_hal_i2c_ex.o(i.HAL_I2CEx_ConfigAnalogFilter)
    HAL_I2CEx_ConfigDigitalFilter            0x080009cf   Thumb Code    82  stm32l4xx_hal_i2c_ex.o(i.HAL_I2CEx_ConfigDigitalFilter)
    HAL_I2C_Init                             0x08000a21   Thumb Code   178  stm32l4xx_hal_i2c.o(i.HAL_I2C_Init)
    HAL_I2C_Master_Transmit                  0x08000ad9   Thumb Code   282  stm32l4xx_hal_i2c.o(i.HAL_I2C_Master_Transmit)
    HAL_I2C_MspInit                          0x08000c05   Thumb Code    88  stm32l4xx_hal_msp.o(i.HAL_I2C_MspInit)
    HAL_IncTick                              0x08000c69   Thumb Code    12  stm32l4xx_hal.o(i.HAL_IncTick)
    HAL_Init                                 0x08000c79   Thumb Code    30  stm32l4xx_hal.o(i.HAL_Init)
    HAL_InitTick                             0x08000c99   Thumb Code    58  stm32l4xx_hal.o(i.HAL_InitTick)
    HAL_MspInit                              0x08000cdd   Thumb Code    38  stm32l4xx_hal_msp.o(i.HAL_MspInit)
    HAL_NVIC_EnableIRQ                       0x08000d09   Thumb Code    26  stm32l4xx_hal_cortex.o(i.HAL_NVIC_EnableIRQ)
    HAL_NVIC_SetPriority                     0x08000d25   Thumb Code    60  stm32l4xx_hal_cortex.o(i.HAL_NVIC_SetPriority)
    HAL_NVIC_SetPriorityGrouping             0x08000d65   Thumb Code    26  stm32l4xx_hal_cortex.o(i.HAL_NVIC_SetPriorityGrouping)
    HAL_PWREx_ControlVoltageScaling          0x08000d89   Thumb Code    90  stm32l4xx_hal_pwr_ex.o(i.HAL_PWREx_ControlVoltageScaling)
    HAL_PWREx_GetVoltageRange                0x08000df1   Thumb Code    10  stm32l4xx_hal_pwr_ex.o(i.HAL_PWREx_GetVoltageRange)
    HAL_RCCEx_PeriphCLKConfig                0x08000e01   Thumb Code   634  stm32l4xx_hal_rcc_ex.o(i.HAL_RCCEx_PeriphCLKConfig)
    HAL_RCC_ClockConfig                      0x0800108d   Thumb Code   266  stm32l4xx_hal_rcc.o(i.HAL_RCC_ClockConfig)
    HAL_RCC_GetPCLK1Freq                     0x080011ad   Thumb Code    24  stm32l4xx_hal_rcc.o(i.HAL_RCC_GetPCLK1Freq)
    HAL_RCC_GetPCLK2Freq                     0x080011d1   Thumb Code    24  stm32l4xx_hal_rcc.o(i.HAL_RCC_GetPCLK2Freq)
    HAL_RCC_GetSysClockFreq                  0x080011f5   Thumb Code   150  stm32l4xx_hal_rcc.o(i.HAL_RCC_GetSysClockFreq)
    HAL_RCC_OscConfig                        0x08001299   Thumb Code  1382  stm32l4xx_hal_rcc.o(i.HAL_RCC_OscConfig)
    HAL_SYSTICK_Config                       0x08001805   Thumb Code    40  stm32l4xx_hal_cortex.o(i.HAL_SYSTICK_Config)
    HAL_TIMEx_Break2Callback                 0x0800182d   Thumb Code     2  stm32l4xx_hal_tim_ex.o(i.HAL_TIMEx_Break2Callback)
    HAL_TIMEx_BreakCallback                  0x0800182f   Thumb Code     2  stm32l4xx_hal_tim_ex.o(i.HAL_TIMEx_BreakCallback)
    HAL_TIMEx_CommutCallback                 0x08001831   Thumb Code     2  stm32l4xx_hal_tim_ex.o(i.HAL_TIMEx_CommutCallback)
    HAL_TIMEx_MasterConfigSynchronization    0x08001835   Thumb Code    98  stm32l4xx_hal_tim_ex.o(i.HAL_TIMEx_MasterConfigSynchronization)
    HAL_TIM_Base_DeInit                      0x080018a1   Thumb Code   100  stm32l4xx_hal_tim.o(i.HAL_TIM_Base_DeInit)
    HAL_TIM_Base_Init                        0x08001905   Thumb Code    98  stm32l4xx_hal_tim.o(i.HAL_TIM_Base_Init)
    HAL_TIM_Base_MspDeInit                   0x08001967   Thumb Code     2  stm32l4xx_hal_tim.o(i.HAL_TIM_Base_MspDeInit)
    HAL_TIM_Base_MspInit                     0x08001969   Thumb Code     2  stm32l4xx_hal_tim.o(i.HAL_TIM_Base_MspInit)
    HAL_TIM_Base_Start_IT                    0x0800196d   Thumb Code    76  stm32l4xx_hal_tim.o(i.HAL_TIM_Base_Start_IT)
    HAL_TIM_ConfigClockSource                0x080019c5   Thumb Code   214  stm32l4xx_hal_tim.o(i.HAL_TIM_ConfigClockSource)
    HAL_TIM_IC_CaptureCallback               0x08001aa1   Thumb Code     2  stm32l4xx_hal_tim.o(i.HAL_TIM_IC_CaptureCallback)
    HAL_TIM_IRQHandler                       0x08001aa3   Thumb Code   388  stm32l4xx_hal_tim.o(i.HAL_TIM_IRQHandler)
    HAL_TIM_MspPostInit                      0x08001c29   Thumb Code    70  stm32l4xx_hal_msp.o(i.HAL_TIM_MspPostInit)
    HAL_TIM_OC_DelayElapsedCallback          0x08001c75   Thumb Code     2  stm32l4xx_hal_tim.o(i.HAL_TIM_OC_DelayElapsedCallback)
    HAL_TIM_PWM_ConfigChannel                0x08001c77   Thumb Code   286  stm32l4xx_hal_tim.o(i.HAL_TIM_PWM_ConfigChannel)
    HAL_TIM_PWM_Init                         0x08001d95   Thumb Code    98  stm32l4xx_hal_tim.o(i.HAL_TIM_PWM_Init)
    HAL_TIM_PWM_MspInit                      0x08001df9   Thumb Code    50  stm32l4xx_hal_msp.o(i.HAL_TIM_PWM_MspInit)
    HAL_TIM_PWM_PulseFinishedCallback        0x08001e31   Thumb Code     2  stm32l4xx_hal_tim.o(i.HAL_TIM_PWM_PulseFinishedCallback)
    HAL_TIM_PWM_Start                        0x08001e35   Thumb Code   190  stm32l4xx_hal_tim.o(i.HAL_TIM_PWM_Start)
    HAL_TIM_PWM_Stop                         0x08001f05   Thumb Code   140  stm32l4xx_hal_tim.o(i.HAL_TIM_PWM_Stop)
    HAL_TIM_PeriodElapsedCallback            0x08001f9d   Thumb Code   150  irremote.o(i.HAL_TIM_PeriodElapsedCallback)
    HAL_TIM_TriggerCallback                  0x08002041   Thumb Code     2  stm32l4xx_hal_tim.o(i.HAL_TIM_TriggerCallback)
    HAL_UART_Init                            0x08002043   Thumb Code   102  stm32l4xx_hal_uart.o(i.HAL_UART_Init)
    HAL_UART_MspInit                         0x080020a9   Thumb Code   132  stm32l4xx_hal_msp.o(i.HAL_UART_MspInit)
    HAL_UART_Transmit                        0x08002139   Thumb Code   182  stm32l4xx_hal_uart.o(i.HAL_UART_Transmit)
    HardFault_Handler                        0x080021ef   Thumb Code     2  stm32l4xx_it.o(i.HardFault_Handler)
    MATCH_MARK                               0x080023b9   Thumb Code   120  irremote.o(i.MATCH_MARK)
    MATCH_SPACE                              0x08002451   Thumb Code   120  irremote.o(i.MATCH_SPACE)
    MemManage_Handler                        0x08002641   Thumb Code     2  stm32l4xx_it.o(i.MemManage_Handler)
    NMI_Handler                              0x08002643   Thumb Code     2  stm32l4xx_it.o(i.NMI_Handler)
    PendSV_Handler                           0x08002645   Thumb Code     2  stm32l4xx_it.o(i.PendSV_Handler)
    SVC_Handler                              0x080027f1   Thumb Code     2  stm32l4xx_it.o(i.SVC_Handler)
    SysTick_Handler                          0x080027f3   Thumb Code     4  stm32l4xx_it.o(i.SysTick_Handler)
    SystemClock_Config                       0x080027f7   Thumb Code   120  main.o(i.SystemClock_Config)
    SystemInit                               0x08002871   Thumb Code    56  system_stm32l4xx_1.o(i.SystemInit)
    TIM2_IRQHandler                          0x080028b5   Thumb Code     6  stm32l4xx_it.o(i.TIM2_IRQHandler)
    TIM_Base_SetConfig                       0x080028c1   Thumb Code    94  stm32l4xx_hal_tim.o(i.TIM_Base_SetConfig)
    TIM_CCxChannelCmd                        0x0800292d   Thumb Code    26  stm32l4xx_hal_tim.o(i.TIM_CCxChannelCmd)
    TIM_ETR_SetConfig                        0x08002947   Thumb Code    20  stm32l4xx_hal_tim.o(i.TIM_ETR_SetConfig)
    TIM_OC2_SetConfig                        0x080029e5   Thumb Code   102  stm32l4xx_hal_tim.o(i.TIM_OC2_SetConfig)
    UART_AdvFeatureConfig                    0x08002c2f   Thumb Code   200  stm32l4xx_hal_uart.o(i.UART_AdvFeatureConfig)
    UART_CheckIdleState                      0x08002cf7   Thumb Code    88  stm32l4xx_hal_uart.o(i.UART_CheckIdleState)
    UART_SetConfig                           0x08002d51   Thumb Code   454  stm32l4xx_hal_uart.o(i.UART_SetConfig)
    UART_WaitOnFlagUntilTimeout              0x08002f35   Thumb Code   164  stm32l4xx_hal_uart.o(i.UART_WaitOnFlagUntilTimeout)
    UIammo                                   0x08002fd9   Thumb Code    28  gui.o(i.UIammo)
    UIhealth                                 0x08002ff9   Thumb Code    48  gui.o(i.UIhealth)
    UImain                                   0x0800302d   Thumb Code    32  gui.o(i.UImain)
    UsageFault_Handler                       0x08003051   Thumb Code     2  stm32l4xx_it.o(i.UsageFault_Handler)
    __0snprintf$5                            0x08003055   Thumb Code    48  printf5.o(i.__0snprintf$5)
    __1snprintf$5                            0x08003055   Thumb Code     0  printf5.o(i.__0snprintf$5)
    __2snprintf                              0x08003055   Thumb Code     0  printf5.o(i.__0snprintf$5)
    __0sprintf$5                             0x08003089   Thumb Code    34  printf5.o(i.__0sprintf$5)
    __1sprintf$5                             0x08003089   Thumb Code     0  printf5.o(i.__0sprintf$5)
    __2sprintf                               0x08003089   Thumb Code     0  printf5.o(i.__0sprintf$5)
    __scatterload_copy                       0x080030d1   Thumb Code    14  handlers.o(i.__scatterload_copy)
    __scatterload_null                       0x080030df   Thumb Code     2  handlers.o(i.__scatterload_null)
    __scatterload_zeroinit                   0x080030e1   Thumb Code    14  handlers.o(i.__scatterload_zeroinit)
    ammoBar                                  0x080033d9   Thumb Code    44  gui.o(i.ammoBar)
    compare                                  0x08003419   Thumb Code   126  irremote.o(i.compare)
    creatHearts                              0x080034a1   Thumb Code    24  gui.o(i.creatHearts)
    custom_delay_usec                        0x080034bd   Thumb Code    26  irsend.o(i.custom_delay_usec)
    deathIndicator                           0x080034e5   Thumb Code    40  gui.o(i.deathIndicator)
    decodeHash                               0x08003521   Thumb Code    80  irremote.o(i.decodeHash)
    decodeSAMSUNG                            0x08003579   Thumb Code   188  ir_samsung.o(i.decodeSAMSUNG)
    enableIROut                              0x08003639   Thumb Code   142  irsend.o(i.enableIROut)
    healthBar                                0x080036d1   Thumb Code    76  gui.o(i.healthBar)
    lcd_create_char                          0x08003729   Thumb Code    44  i2c-lcd.o(i.lcd_create_char)
    lcd_init                                 0x08003755   Thumb Code   120  i2c-lcd.o(i.lcd_init)
    lcd_put_cur                              0x080037cd   Thumb Code    24  i2c-lcd.o(i.lcd_put_cur)
    lcd_send_cmd                             0x080037e5   Thumb Code    58  i2c-lcd.o(i.lcd_send_cmd)
    lcd_send_data                            0x08003825   Thumb Code    58  i2c-lcd.o(i.lcd_send_data)
    lcd_send_string                          0x08003865   Thumb Code    20  i2c-lcd.o(i.lcd_send_string)
    main                                     0x08003879   Thumb Code   502  main.o(i.main)
    mark                                     0x08003b01   Thumb Code    28  irsend.o(i.mark)
    my_decode                                0x08003b21   Thumb Code    56  irremote.o(i.my_decode)
    my_enableIRIn                            0x08003b5d   Thumb Code   100  irremote.o(i.my_enableIRIn)
    my_resume                                0x08003bc9   Thumb Code    12  irremote.o(i.my_resume)
    reloadIndicator                          0x08003bd9   Thumb Code    40  gui.o(i.reloadIndicator)
    sendSAMSUNG                              0x08003c15   Thumb Code    92  ir_samsung.o(i.sendSAMSUNG)
    space                                    0x08003c71   Thumb Code    28  irsend.o(i.space)
    AHBPrescTable                            0x08003c90   Data          16  system_stm32l4xx_1.o(.constdata)
    MSIRangeTable                            0x08003ca0   Data          48  system_stm32l4xx_1.o(.constdata)
    APBPrescTable                            0x08003cd0   Data           8  system_stm32l4xx_1.o(.constdata)
    Region$$Table$$Base                      0x08003d64   Number         0  anon$$obj.o(Region$$Table)
    Region$$Table$$Limit                     0x08003d84   Number         0  anon$$obj.o(Region$$Table)
    ammo                                     0x20000000   Data           1  main.o(.data)
    health                                   0x20000001   Data           1  main.o(.data)
    shoot                                    0x20000002   Data           1  main.o(.data)
    i                                        0x20000006   Data           2  main.o(.data)
    pew_value                                0x20000008   Data           4  main.o(.data)
    bt_buff                                  0x2000000c   Data           6  main.o(.data)
    _health                                  0x2000005c   Data           1  gui.o(.data)
    _ammo                                    0x2000005d   Data           1  gui.o(.data)
    gunCap                                   0x2000005e   Data           1  gui.o(.data)
    emptyHeart                               0x2000005f   Data           8  gui.o(.data)
    fullHeart                                0x20000067   Data           8  gui.o(.data)
    uwTickFreq                               0x20000070   Data           1  stm32l4xx_hal.o(.data)
    uwTickPrio                               0x20000074   Data           4  stm32l4xx_hal.o(.data)
    uwTick                                   0x20000078   Data           4  stm32l4xx_hal.o(.data)
    SystemCoreClock                          0x2000007c   Data           4  system_stm32l4xx_1.o(.data)
    trans_str                                0x20000080   Data          96  main.o(.bss)
    hi2c1                                    0x200000e0   Data          76  main.o(.bss)
    htim2                                    0x2000012c   Data          76  main.o(.bss)
    huart1                                   0x20000178   Data         128  main.o(.bss)
    huart2                                   0x200001f8   Data         128  main.o(.bss)
    results                                  0x20000278   Data          20  main.o(.bss)
    irparams                                 0x2000028c   Data         518  main.o(.bss)
    __initial_sp                             0x20000898   Data           0  startup_stm32l432xx.o(STACK)



==============================================================================

Memory Map of the image

  Image Entry point : 0x0800018d

  Load Region LR_IROM1 (Base: 0x08000000, Size: 0x00003e04, Max: 0x00040000, ABSOLUTE)

    Execution Region ER_IROM1 (Exec base: 0x08000000, Load base: 0x08000000, Size: 0x00003d84, Max: 0x00040000, ABSOLUTE)

    Exec Addr    Load Addr    Size         Type   Attr      Idx    E Section Name        Object

    0x08000000   0x08000000   0x0000018c   Data   RO            3    RESET               startup_stm32l432xx.o
    0x0800018c   0x0800018c   0x00000000   Code   RO         4070  * .ARM.Collect$$$$00000000  mc_w.l(entry.o)
    0x0800018c   0x0800018c   0x00000004   Code   RO         4354    .ARM.Collect$$$$00000001  mc_w.l(entry2.o)
    0x08000190   0x08000190   0x00000004   Code   RO         4357    .ARM.Collect$$$$00000004  mc_w.l(entry5.o)
    0x08000194   0x08000194   0x00000000   Code   RO         4359    .ARM.Collect$$$$00000008  mc_w.l(entry7b.o)
    0x08000194   0x08000194   0x00000000   Code   RO         4361    .ARM.Collect$$$$0000000A  mc_w.l(entry8b.o)
    0x08000194   0x08000194   0x00000008   Code   RO         4362    .ARM.Collect$$$$0000000B  mc_w.l(entry9a.o)
    0x0800019c   0x0800019c   0x00000004   Code   RO         4369    .ARM.Collect$$$$0000000E  mc_w.l(entry12b.o)
    0x080001a0   0x080001a0   0x00000000   Code   RO         4364    .ARM.Collect$$$$0000000F  mc_w.l(entry10a.o)
    0x080001a0   0x080001a0   0x00000000   Code   RO         4366    .ARM.Collect$$$$00000011  mc_w.l(entry11a.o)
    0x080001a0   0x080001a0   0x00000004   Code   RO         4355    .ARM.Collect$$$$00002712  mc_w.l(entry2.o)
    0x080001a4   0x080001a4   0x00000024   Code   RO            4    .text               startup_stm32l432xx.o
    0x080001c8   0x080001c8   0x00000068   Code   RO         4073    .text               mc_w.l(uldiv.o)
    0x08000230   0x08000230   0x00000024   Code   RO         4075    .text               mc_w.l(memseta.o)
    0x08000254   0x08000254   0x0000000e   Code   RO         4077    .text               mc_w.l(strlen.o)
    0x08000262   0x08000262   0x0000015e   Code   RO         4340    .text               mf_w.l(dadd.o)
    0x080003c0   0x080003c0   0x000000ea   Code   RO         4342    .text               mf_w.l(dmul.o)
    0x080004aa   0x080004aa   0x000000de   Code   RO         4344    .text               mf_w.l(ddiv.o)
    0x08000588   0x08000588   0x00000022   Code   RO         4346    .text               mf_w.l(dflti.o)
    0x080005aa   0x080005aa   0x0000001a   Code   RO         4348    .text               mf_w.l(dfltui.o)
    0x080005c4   0x080005c4   0x0000003e   Code   RO         4350    .text               mf_w.l(dfixi.o)
    0x08000602   0x08000602   0x00000002   PAD
    0x08000604   0x08000604   0x00000030   Code   RO         4352    .text               mf_w.l(cdcmple.o)
    0x08000634   0x08000634   0x0000001e   Code   RO         4375    .text               mc_w.l(llshl.o)
    0x08000652   0x08000652   0x00000020   Code   RO         4377    .text               mc_w.l(llushr.o)
    0x08000672   0x08000672   0x00000024   Code   RO         4379    .text               mc_w.l(llsshr.o)
    0x08000696   0x08000696   0x00000000   Code   RO         4381    .text               mc_w.l(iusefp.o)
    0x08000696   0x08000696   0x000000ba   Code   RO         4382    .text               mf_w.l(depilogue.o)
    0x08000750   0x08000750   0x00000024   Code   RO         4388    .text               mc_w.l(init.o)
    0x08000774   0x08000774   0x00000002   Code   RO          207    i.BusFault_Handler  stm32l4xx_it.o
    0x08000776   0x08000776   0x00000002   PAD
    0x08000778   0x08000778   0x00000020   Code   RO          613    i.DWT_Init          irsend.o
    0x08000798   0x08000798   0x00000002   Code   RO          208    i.DebugMon_Handler  stm32l4xx_it.o
    0x0800079a   0x0800079a   0x00000002   PAD
    0x0800079c   0x0800079c   0x00000024   Code   RO         1188    i.HAL_Delay         stm32l4xx_hal.o
    0x080007c0   0x080007c0   0x000001a2   Code   RO         1875    i.HAL_GPIO_Init     stm32l4xx_hal_gpio.o
    0x08000962   0x08000962   0x0000000a   Code   RO         1877    i.HAL_GPIO_ReadPin  stm32l4xx_hal_gpio.o
    0x0800096c   0x0800096c   0x0000000c   Code   RO         1192    i.HAL_GetTick       stm32l4xx_hal.o
    0x08000978   0x08000978   0x00000056   Code   RO         1127    i.HAL_I2CEx_ConfigAnalogFilter  stm32l4xx_hal_i2c_ex.o
    0x080009ce   0x080009ce   0x00000052   Code   RO         1128    i.HAL_I2CEx_ConfigDigitalFilter  stm32l4xx_hal_i2c_ex.o
    0x08000a20   0x08000a20   0x000000b8   Code   RO          676    i.HAL_I2C_Init      stm32l4xx_hal_i2c.o
    0x08000ad8   0x08000ad8   0x0000012a   Code   RO          689    i.HAL_I2C_Master_Transmit  stm32l4xx_hal_i2c.o
    0x08000c02   0x08000c02   0x00000002   PAD
    0x08000c04   0x08000c04   0x00000064   Code   RO          297    i.HAL_I2C_MspInit   stm32l4xx_hal_msp.o
    0x08000c68   0x08000c68   0x00000010   Code   RO         1198    i.HAL_IncTick       stm32l4xx_hal.o
    0x08000c78   0x08000c78   0x0000001e   Code   RO         1199    i.HAL_Init          stm32l4xx_hal.o
    0x08000c96   0x08000c96   0x00000002   PAD
    0x08000c98   0x08000c98   0x00000044   Code   RO         1200    i.HAL_InitTick      stm32l4xx_hal.o
    0x08000cdc   0x08000cdc   0x0000002c   Code   RO          298    i.HAL_MspInit       stm32l4xx_hal_msp.o
    0x08000d08   0x08000d08   0x0000001a   Code   RO         2392    i.HAL_NVIC_EnableIRQ  stm32l4xx_hal_cortex.o
    0x08000d22   0x08000d22   0x00000002   PAD
    0x08000d24   0x08000d24   0x00000040   Code   RO         2398    i.HAL_NVIC_SetPriority  stm32l4xx_hal_cortex.o
    0x08000d64   0x08000d64   0x00000024   Code   RO         2399    i.HAL_NVIC_SetPriorityGrouping  stm32l4xx_hal_cortex.o
    0x08000d88   0x08000d88   0x00000068   Code   RO         2166    i.HAL_PWREx_ControlVoltageScaling  stm32l4xx_hal_pwr_ex.o
    0x08000df0   0x08000df0   0x00000010   Code   RO         2193    i.HAL_PWREx_GetVoltageRange  stm32l4xx_hal_pwr_ex.o
    0x08000e00   0x08000e00   0x0000028a   Code   RO         1508    i.HAL_RCCEx_PeriphCLKConfig  stm32l4xx_hal_rcc_ex.o
    0x0800108a   0x0800108a   0x00000002   PAD
    0x0800108c   0x0800108c   0x00000120   Code   RO         1386    i.HAL_RCC_ClockConfig  stm32l4xx_hal_rcc.o
    0x080011ac   0x080011ac   0x00000024   Code   RO         1392    i.HAL_RCC_GetPCLK1Freq  stm32l4xx_hal_rcc.o
    0x080011d0   0x080011d0   0x00000024   Code   RO         1393    i.HAL_RCC_GetPCLK2Freq  stm32l4xx_hal_rcc.o
    0x080011f4   0x080011f4   0x000000a4   Code   RO         1394    i.HAL_RCC_GetSysClockFreq  stm32l4xx_hal_rcc.o
    0x08001298   0x08001298   0x0000056c   Code   RO         1397    i.HAL_RCC_OscConfig  stm32l4xx_hal_rcc.o
    0x08001804   0x08001804   0x00000028   Code   RO         2403    i.HAL_SYSTICK_Config  stm32l4xx_hal_cortex.o
    0x0800182c   0x0800182c   0x00000002   Code   RO         3310    i.HAL_TIMEx_Break2Callback  stm32l4xx_hal_tim_ex.o
    0x0800182e   0x0800182e   0x00000002   Code   RO         3311    i.HAL_TIMEx_BreakCallback  stm32l4xx_hal_tim_ex.o
    0x08001830   0x08001830   0x00000002   Code   RO         3312    i.HAL_TIMEx_CommutCallback  stm32l4xx_hal_tim_ex.o
    0x08001832   0x08001832   0x00000002   PAD
    0x08001834   0x08001834   0x0000006c   Code   RO         3332    i.HAL_TIMEx_MasterConfigSynchronization  stm32l4xx_hal_tim_ex.o
    0x080018a0   0x080018a0   0x00000064   Code   RO         2594    i.HAL_TIM_Base_DeInit  stm32l4xx_hal_tim.o
    0x08001904   0x08001904   0x00000062   Code   RO         2596    i.HAL_TIM_Base_Init  stm32l4xx_hal_tim.o
    0x08001966   0x08001966   0x00000002   Code   RO         2597    i.HAL_TIM_Base_MspDeInit  stm32l4xx_hal_tim.o
    0x08001968   0x08001968   0x00000002   Code   RO         2598    i.HAL_TIM_Base_MspInit  stm32l4xx_hal_tim.o
    0x0800196a   0x0800196a   0x00000002   PAD
    0x0800196c   0x0800196c   0x00000058   Code   RO         2601    i.HAL_TIM_Base_Start_IT  stm32l4xx_hal_tim.o
    0x080019c4   0x080019c4   0x000000dc   Code   RO         2605    i.HAL_TIM_ConfigClockSource  stm32l4xx_hal_tim.o
    0x08001aa0   0x08001aa0   0x00000002   Code   RO         2630    i.HAL_TIM_IC_CaptureCallback  stm32l4xx_hal_tim.o
    0x08001aa2   0x08001aa2   0x00000184   Code   RO         2644    i.HAL_TIM_IRQHandler  stm32l4xx_hal_tim.o
    0x08001c26   0x08001c26   0x00000002   PAD
    0x08001c28   0x08001c28   0x0000004c   Code   RO          299    i.HAL_TIM_MspPostInit  stm32l4xx_hal_msp.o
    0x08001c74   0x08001c74   0x00000002   Code   RO         2647    i.HAL_TIM_OC_DelayElapsedCallback  stm32l4xx_hal_tim.o
    0x08001c76   0x08001c76   0x0000011e   Code   RO         2668    i.HAL_TIM_PWM_ConfigChannel  stm32l4xx_hal_tim.o
    0x08001d94   0x08001d94   0x00000062   Code   RO         2671    i.HAL_TIM_PWM_Init  stm32l4xx_hal_tim.o
    0x08001df6   0x08001df6   0x00000002   PAD
    0x08001df8   0x08001df8   0x00000038   Code   RO          301    i.HAL_TIM_PWM_MspInit  stm32l4xx_hal_msp.o
    0x08001e30   0x08001e30   0x00000002   Code   RO         2674    i.HAL_TIM_PWM_PulseFinishedCallback  stm32l4xx_hal_tim.o
    0x08001e32   0x08001e32   0x00000002   PAD
    0x08001e34   0x08001e34   0x000000d0   Code   RO         2676    i.HAL_TIM_PWM_Start  stm32l4xx_hal_tim.o
    0x08001f04   0x08001f04   0x00000098   Code   RO         2679    i.HAL_TIM_PWM_Stop  stm32l4xx_hal_tim.o
    0x08001f9c   0x08001f9c   0x000000a4   Code   RO          535    i.HAL_TIM_PeriodElapsedCallback  irremote.o
    0x08002040   0x08002040   0x00000002   Code   RO         2687    i.HAL_TIM_TriggerCallback  stm32l4xx_hal_tim.o
    0x08002042   0x08002042   0x00000066   Code   RO         3623    i.HAL_UART_Init     stm32l4xx_hal_uart.o
    0x080020a8   0x080020a8   0x00000090   Code   RO          303    i.HAL_UART_MspInit  stm32l4xx_hal_msp.o
    0x08002138   0x08002138   0x000000b6   Code   RO         3632    i.HAL_UART_Transmit  stm32l4xx_hal_uart.o
    0x080021ee   0x080021ee   0x00000002   Code   RO          209    i.HardFault_Handler  stm32l4xx_it.o
    0x080021f0   0x080021f0   0x00000022   Code   RO          723    i.I2C_Flush_TXDR    stm32l4xx_hal_i2c.o
    0x08002212   0x08002212   0x00000002   PAD
    0x08002214   0x08002214   0x00000084   Code   RO          731    i.I2C_IsAcknowledgeFailed  stm32l4xx_hal_i2c.o
    0x08002298   0x08002298   0x0000002c   Code   RO          738    i.I2C_TransferConfig  stm32l4xx_hal_i2c.o
    0x080022c4   0x080022c4   0x00000058   Code   RO          740    i.I2C_WaitOnFlagUntilTimeout  stm32l4xx_hal_i2c.o
    0x0800231c   0x0800231c   0x0000004c   Code   RO          742    i.I2C_WaitOnSTOPFlagUntilTimeout  stm32l4xx_hal_i2c.o
    0x08002368   0x08002368   0x00000050   Code   RO          743    i.I2C_WaitOnTXISFlagUntilTimeout  stm32l4xx_hal_i2c.o
    0x080023b8   0x080023b8   0x00000098   Code   RO          537    i.MATCH_MARK        irremote.o
    0x08002450   0x08002450   0x00000098   Code   RO          538    i.MATCH_SPACE       irremote.o
    0x080024e8   0x080024e8   0x00000060   Code   RO           14    i.MX_GPIO_Init      main.o
    0x08002548   0x08002548   0x00000044   Code   RO           15    i.MX_I2C1_Init      main.o
    0x0800258c   0x0800258c   0x0000005c   Code   RO           16    i.MX_TIM2_Init      main.o
    0x080025e8   0x080025e8   0x0000002c   Code   RO           17    i.MX_USART1_UART_Init  main.o
    0x08002614   0x08002614   0x0000002c   Code   RO           18    i.MX_USART2_UART_Init  main.o
    0x08002640   0x08002640   0x00000002   Code   RO          210    i.MemManage_Handler  stm32l4xx_it.o
    0x08002642   0x08002642   0x00000002   Code   RO          211    i.NMI_Handler       stm32l4xx_it.o
    0x08002644   0x08002644   0x00000002   Code   RO          212    i.PendSV_Handler    stm32l4xx_it.o
    0x08002646   0x08002646   0x00000002   PAD
    0x08002648   0x08002648   0x0000012c   Code   RO         1512    i.RCCEx_PLLSAI1_Config  stm32l4xx_hal_rcc_ex.o
    0x08002774   0x08002774   0x0000007c   Code   RO         1398    i.RCC_SetFlashLatencyFromMSIRange  stm32l4xx_hal_rcc.o
    0x080027f0   0x080027f0   0x00000002   Code   RO          213    i.SVC_Handler       stm32l4xx_it.o
    0x080027f2   0x080027f2   0x00000004   Code   RO          214    i.SysTick_Handler   stm32l4xx_it.o
    0x080027f6   0x080027f6   0x00000078   Code   RO           19    i.SystemClock_Config  main.o
    0x0800286e   0x0800286e   0x00000002   PAD
    0x08002870   0x08002870   0x00000044   Code   RO         4036    i.SystemInit        system_stm32l4xx_1.o
    0x080028b4   0x080028b4   0x0000000c   Code   RO          215    i.TIM2_IRQHandler   stm32l4xx_it.o
    0x080028c0   0x080028c0   0x0000006c   Code   RO         2689    i.TIM_Base_SetConfig  stm32l4xx_hal_tim.o
    0x0800292c   0x0800292c   0x0000001a   Code   RO         2690    i.TIM_CCxChannelCmd  stm32l4xx_hal_tim.o
    0x08002946   0x08002946   0x00000014   Code   RO         2700    i.TIM_ETR_SetConfig  stm32l4xx_hal_tim.o
    0x0800295a   0x0800295a   0x00000010   Code   RO         2701    i.TIM_ITRx_SetConfig  stm32l4xx_hal_tim.o
    0x0800296a   0x0800296a   0x00000002   PAD
    0x0800296c   0x0800296c   0x00000078   Code   RO         2702    i.TIM_OC1_SetConfig  stm32l4xx_hal_tim.o
    0x080029e4   0x080029e4   0x00000078   Code   RO         2703    i.TIM_OC2_SetConfig  stm32l4xx_hal_tim.o
    0x08002a5c   0x08002a5c   0x00000074   Code   RO         2704    i.TIM_OC3_SetConfig  stm32l4xx_hal_tim.o
    0x08002ad0   0x08002ad0   0x00000060   Code   RO         2705    i.TIM_OC4_SetConfig  stm32l4xx_hal_tim.o
    0x08002b30   0x08002b30   0x0000005c   Code   RO         2706    i.TIM_OC5_SetConfig  stm32l4xx_hal_tim.o
    0x08002b8c   0x08002b8c   0x0000005c   Code   RO         2707    i.TIM_OC6_SetConfig  stm32l4xx_hal_tim.o
    0x08002be8   0x08002be8   0x00000022   Code   RO         2709    i.TIM_TI1_ConfigInputStage  stm32l4xx_hal_tim.o
    0x08002c0a   0x08002c0a   0x00000024   Code   RO         2711    i.TIM_TI2_ConfigInputStage  stm32l4xx_hal_tim.o
    0x08002c2e   0x08002c2e   0x000000c8   Code   RO         3637    i.UART_AdvFeatureConfig  stm32l4xx_hal_uart.o
    0x08002cf6   0x08002cf6   0x00000058   Code   RO         3638    i.UART_CheckIdleState  stm32l4xx_hal_uart.o
    0x08002d4e   0x08002d4e   0x00000002   PAD
    0x08002d50   0x08002d50   0x000001e4   Code   RO         3653    i.UART_SetConfig    stm32l4xx_hal_uart.o
    0x08002f34   0x08002f34   0x000000a4   Code   RO         3656    i.UART_WaitOnFlagUntilTimeout  stm32l4xx_hal_uart.o
    0x08002fd8   0x08002fd8   0x00000020   Code   RO          362    i.UIammo            gui.o
    0x08002ff8   0x08002ff8   0x00000034   Code   RO          364    i.UIhealth          gui.o
    0x0800302c   0x0800302c   0x00000024   Code   RO          365    i.UImain            gui.o
    0x08003050   0x08003050   0x00000002   Code   RO          216    i.UsageFault_Handler  stm32l4xx_it.o
    0x08003052   0x08003052   0x00000002   PAD
    0x08003054   0x08003054   0x00000034   Code   RO         4213    i.__0snprintf$5     mc_w.l(printf5.o)
    0x08003088   0x08003088   0x00000028   Code   RO         4214    i.__0sprintf$5      mc_w.l(printf5.o)
    0x080030b0   0x080030b0   0x00000020   Code   RO         2405    i.__NVIC_SetPriority  stm32l4xx_hal_cortex.o
    0x080030d0   0x080030d0   0x0000000e   Code   RO         4394    i.__scatterload_copy  mc_w.l(handlers.o)
    0x080030de   0x080030de   0x00000002   Code   RO         4395    i.__scatterload_null  mc_w.l(handlers.o)
    0x080030e0   0x080030e0   0x0000000e   Code   RO         4396    i.__scatterload_zeroinit  mc_w.l(handlers.o)
    0x080030ee   0x080030ee   0x00000002   PAD
    0x080030f0   0x080030f0   0x000002c6   Code   RO         4219    i._printf_core      mc_w.l(printf5.o)
    0x080033b6   0x080033b6   0x00000016   Code   RO         4220    i._snputc           mc_w.l(printf5.o)
    0x080033cc   0x080033cc   0x0000000a   Code   RO         4221    i._sputc            mc_w.l(printf5.o)
    0x080033d6   0x080033d6   0x00000002   PAD
    0x080033d8   0x080033d8   0x00000040   Code   RO          367    i.ammoBar           gui.o
    0x08003418   0x08003418   0x00000088   Code   RO          539    i.compare           irremote.o
    0x080034a0   0x080034a0   0x0000001c   Code   RO          368    i.creatHearts       gui.o
    0x080034bc   0x080034bc   0x00000028   Code   RO          614    i.custom_delay_usec  irsend.o
    0x080034e4   0x080034e4   0x0000003c   Code   RO          369    i.deathIndicator    gui.o
    0x08003520   0x08003520   0x00000058   Code   RO          540    i.decodeHash        irremote.o
    0x08003578   0x08003578   0x000000c0   Code   RO          505    i.decodeSAMSUNG     ir_samsung.o
    0x08003638   0x08003638   0x00000098   Code   RO          615    i.enableIROut       irsend.o
    0x080036d0   0x080036d0   0x00000058   Code   RO          370    i.healthBar         gui.o
    0x08003728   0x08003728   0x0000002c   Code   RO          445    i.lcd_create_char   i2c-lcd.o
    0x08003754   0x08003754   0x00000078   Code   RO          446    i.lcd_init          i2c-lcd.o
    0x080037cc   0x080037cc   0x00000018   Code   RO          447    i.lcd_put_cur       i2c-lcd.o
    0x080037e4   0x080037e4   0x00000040   Code   RO          448    i.lcd_send_cmd      i2c-lcd.o
    0x08003824   0x08003824   0x00000040   Code   RO          449    i.lcd_send_data     i2c-lcd.o
    0x08003864   0x08003864   0x00000014   Code   RO          450    i.lcd_send_string   i2c-lcd.o
    0x08003878   0x08003878   0x00000288   Code   RO           20    i.main              main.o
    0x08003b00   0x08003b00   0x00000020   Code   RO          616    i.mark              irsend.o
    0x08003b20   0x08003b20   0x0000003c   Code   RO          541    i.my_decode         irremote.o
    0x08003b5c   0x08003b5c   0x0000006c   Code   RO          542    i.my_enableIRIn     irremote.o
    0x08003bc8   0x08003bc8   0x00000010   Code   RO          544    i.my_resume         irremote.o
    0x08003bd8   0x08003bd8   0x0000003c   Code   RO          371    i.reloadIndicator   gui.o
    0x08003c14   0x08003c14   0x0000005c   Code   RO          506    i.sendSAMSUNG       ir_samsung.o
    0x08003c70   0x08003c70   0x00000020   Code   RO          618    i.space             irsend.o
    0x08003c90   0x08003c90   0x00000040   Data   RO         4037    .constdata          system_stm32l4xx_1.o
    0x08003cd0   0x08003cd0   0x00000008   Data   RO         4038    .constdata          system_stm32l4xx_1.o
    0x08003cd8   0x08003cd8   0x00000089   Data   RO           30    .conststring        main.o
    0x08003d61   0x08003d61   0x00000003   PAD
    0x08003d64   0x08003d64   0x00000020   Data   RO         4392    Region$$Table       anon$$obj.o


    Execution Region RW_IRAM1 (Exec base: 0x20000000, Load base: 0x08003d84, Size: 0x00000898, Max: 0x00010000, ABSOLUTE)

    Exec Addr    Load Addr    Size         Type   Attr      Idx    E Section Name        Object

    0x20000000   0x08003d84   0x0000005c   Data   RW           31    .data               main.o
    0x2000005c   0x08003de0   0x00000013   Data   RW          373    .data               gui.o
    0x2000006f   0x08003df3   0x00000001   PAD
    0x20000070   0x08003df4   0x0000000c   Data   RW         1211    .data               stm32l4xx_hal.o
    0x2000007c   0x08003e00   0x00000004   Data   RW         4039    .data               system_stm32l4xx_1.o
    0x20000080        -       0x0000020c   Zero   RW           21    .bss                main.o
    0x2000028c        -       0x00000206   Zero   RW           22    .bss                main.o
    0x20000492   0x08003e04   0x00000006   PAD
    0x20000498        -       0x00000400   Zero   RW            1    STACK               startup_stm32l432xx.o


==============================================================================

Image component sizes


      Code (inc. data)   RO Data    RW Data    ZI Data      Debug   Object Name

       420         88          0         19          0       4914   gui.o
       336         12          0          0          0       3516   i2c-lcd.o
       284          4          0          0          0       2026   ir_samsung.o
       876        118          0          0          0       5694   irremote.o
       288         42          0          0          0       3144   irsend.o
      1112        192        137         92       1042     673231   main.o
        36          8        396          0       1024        828   startup_stm32l432xx.o
       162         24          0         12          0      11513   stm32l4xx_hal.o
       198         14          0          0          0      33791   stm32l4xx_hal_cortex.o
       428         20          0          0          0       2427   stm32l4xx_hal_gpio.o
       936         24          0          0          0       8521   stm32l4xx_hal_i2c.o
       168          0          0          0          0       1887   stm32l4xx_hal_i2c_ex.o
       420         42          0          0          0       3683   stm32l4xx_hal_msp.o
       120         20          0          0          0       1350   stm32l4xx_hal_pwr_ex.o
      2036         98          0          0          0       6940   stm32l4xx_hal_rcc.o
       950         32          0          0          0       2872   stm32l4xx_hal_rcc_ex.o
      2526        162          0          0          0      20093   stm32l4xx_hal_tim.o
       114         10          0          0          0       3020   stm32l4xx_hal_tim_ex.o
      1220         50          0          0          0       6325   stm32l4xx_hal_uart.o
        32          6          0          0          0       6500   stm32l4xx_it.o
        68         12         72          4          0       1213   system_stm32l4xx_1.o

    ----------------------------------------------------------------------
     12764        978        640        128       2072     803488   Object Totals
         0          0         32          0          0          0   (incl. Generated)
        34          0          3          1          6          0   (incl. Padding)

    ----------------------------------------------------------------------

      Code (inc. data)   RO Data    RW Data    ZI Data      Debug   Library Member Name

         0          0          0          0          0          0   entry.o
         0          0          0          0          0          0   entry10a.o
         0          0          0          0          0          0   entry11a.o
         4          0          0          0          0          0   entry12b.o
         8          4          0          0          0          0   entry2.o
         4          0          0          0          0          0   entry5.o
         0          0          0          0          0          0   entry7b.o
         0          0          0          0          0          0   entry8b.o
         8          4          0          0          0          0   entry9a.o
        30          0          0          0          0          0   handlers.o
        36          8          0          0          0         68   init.o
         0          0          0          0          0          0   iusefp.o
        30          0          0          0          0         68   llshl.o
        36          0          0          0          0         68   llsshr.o
        32          0          0          0          0         68   llushr.o
        36          0          0          0          0        108   memseta.o
       834         54          0          0          0        408   printf5.o
        14          0          0          0          0         68   strlen.o
       104          0          0          0          0         92   uldiv.o
        48          0          0          0          0         68   cdcmple.o
       350          0          0          0          0        148   dadd.o
       222          0          0          0          0        100   ddiv.o
       186          0          0          0          0        176   depilogue.o
        62          0          0          0          0         80   dfixi.o
        34          0          0          0          0         76   dflti.o
        26          0          0          0          0         76   dfltui.o
       234          0          0          0          0         96   dmul.o

    ----------------------------------------------------------------------
      2344         70          0          0          0       1768   Library Totals
         6          0          0          0          0          0   (incl. Padding)

    ----------------------------------------------------------------------

      Code (inc. data)   RO Data    RW Data    ZI Data      Debug   Library Name

      1176         70          0          0          0        948   mc_w.l
      1162          0          0          0          0        820   mf_w.l

    ----------------------------------------------------------------------
      2344         70          0          0          0       1768   Library Totals

    ----------------------------------------------------------------------

==============================================================================


      Code (inc. data)   RO Data    RW Data    ZI Data      Debug   

     15108       1048        640        128       2072     793276   Grand Totals
     15108       1048        640        128       2072     793276   ELF Image Totals
     15108       1048        640        128          0          0   ROM Totals

==============================================================================

    Total RO  Size (Code + RO Data)                15748 (  15.38kB)
    Total RW  Size (RW Data + ZI Data)              2200 (   2.15kB)
    Total ROM Size (Code + RO Data + RW Data)      15876 (  15.50kB)

==============================================================================

